[172.105.124.130/index.html]
[backblue.gif]
[fade.gif]
[index.html]
[172.105.124.130/fonts/glyphicons-halflings-regular.woff]
[172.105.124.130/fonts/Lato-Regular.woff2]
[172.105.124.130/fonts/lato-bold.woff2]
[172.105.124.130/fonts/Open24DisplaySt.woff2]
[api2-dus.tr8n2games.com/images/favicon_dfde0887-1462-4309-94a0-65ec96fdfcb2_1663162126563.png]
[172.105.124.130/Content/nexus-beta-desktop-css84f1.css]
[172.105.124.130/Content/Home/nexus-beta-desktop-css3019.css]
[172.105.124.130/Content/Theme/nexus-beta-desktop-dark-gold-css97b6.css]
[nx-cdn.trgwl.com/Images/icons/expand2780.gif]
[nx-cdn.trgwl.com/Images/icons/collapse2780.gif]
[nx-cdn.trgwl.com/Images/icons/play2780.png]
[nx-cdn.trgwl.com/Images/jquery-ui/ui-icons_444444_256x2402780.png]
[nx-cdn.trgwl.com/Images/jquery-ui/ui-icons_555555_256x2402780.png]
[nx-cdn.trgwl.com/Images/jquery-ui/ui-icons_ffffff_256x2402780.png]
[nx-cdn.trgwl.com/Images/jquery-ui/ui-icons_777620_256x2402780.png]
[nx-cdn.trgwl.com/Images/jquery-ui/ui-icons_cc0000_256x2402780.png]
[nx-cdn.trgwl.com/Images/jquery-ui/ui-icons_777777_256x2402780.png]
[nx-cdn.trgwl.com/Images/nexus-beta/dark-gold/desktop/layout/flags2780.png]
[172.105.124.130/mobile/home.html]
[172.105.124.130/desktop/home.html]
[api2-dus.tr8n2games.com/images/logo_dfde0887-1462-4309-94a0-65ec96fdfcb2_1663162126563.png]
[172.105.124.130/desktop/hot-games.html]
[nx-cdn.trgwl.com/Images/nexus-beta/dark-gold/desktop/providers/shortcuts/pp2780.png]
[nx-cdn.trgwl.com/Images/nexus-beta/dark-gold/desktop/providers/shortcuts/trg2780.png]
[172.105.124.130/desktop/slots/pragmatic.html]
[nx-cdn.trgwl.com/Images/nexus-beta/dark-gold/desktop/providers/shortcuts/microgaming2780.png]
[172.105.124.130/desktop/slots/microgaming.html]
[nx-cdn.trgwl.com/Images/nexus-beta/dark-gold/desktop/providers/shortcuts/crowdplay2780.png]
[172.105.124.130/desktop/slots/crowd-play.html]
[nx-cdn.trgwl.com/Images/nexus-beta/dark-gold/desktop/providers/shortcuts/pgsoft2780.png]
[172.105.124.130/desktop/slots/pgsoft.html]
[nx-cdn.trgwl.com/Images/nexus-beta/dark-gold/desktop/providers/shortcuts/advantplay2780.png]
[172.105.124.130/desktop/slots/advantplay.html]
[nx-cdn.trgwl.com/Images/nexus-beta/dark-gold/desktop/providers/shortcuts/reelkingdom2780.png]
[172.105.124.130/desktop/slots/reel-kingdom.html]
[nx-cdn.trgwl.com/Images/nexus-beta/dark-gold/desktop/providers/shortcuts/g8poker2780.png]
[nx-cdn.trgwl.com/Images/nexus-beta/dark-gold/desktop/providers/shortcuts/balak4d2780.png]
[nx-cdn.trgwl.com/Images/nexus-beta/dark-gold/desktop/providers/shortcuts/amb2780.png]
[172.105.124.130/desktop/slots.html]
[172.105.124.130/desktop/slots/amb-slot.html]
[nx-cdn.trgwl.com/Images/nexus-beta/dark-gold/desktop/providers/shortcuts/bigpot2780.png]
[172.105.124.130/desktop/slots/bigpot.html]
[nx-cdn.trgwl.com/Images/nexus-beta/dark-gold/desktop/providers/shortcuts/vpower2780.png]
[172.105.124.130/desktop/slots/vpower.html]
[nx-cdn.trgwl.com/Images/nexus-beta/dark-gold/desktop/providers/shortcuts/marioclub2780.png]
[172.105.124.130/desktop/slots/mario-club.html]
[nx-cdn.trgwl.com/Images/nexus-beta/dark-gold/desktop/providers/shortcuts/dragoonsoft2780.png]
[172.105.124.130/desktop/slots/dragoonsoft.html]
[nx-cdn.trgwl.com/Images/nexus-beta/dark-gold/desktop/providers/shortcuts/slot882780.png]
[172.105.124.130/desktop/slots/slot88.html]
[nx-cdn.trgwl.com/Images/nexus-beta/dark-gold/desktop/providers/shortcuts/pgs2780.png]
[172.105.124.130/desktop/slots/ion-slot.html]
[nx-cdn.trgwl.com/Images/nexus-beta/dark-gold/desktop/providers/shortcuts/joker2780.png]
[172.105.124.130/desktop/slots/joker.html]
[nx-cdn.trgwl.com/Images/nexus-beta/dark-gold/desktop/providers/shortcuts/fachai2780.png]
[172.105.124.130/desktop/slots/fachai.html]
[nx-cdn.trgwl.com/Images/nexus-beta/dark-gold/desktop/providers/shortcuts/jili2780.png]
[172.105.124.130/desktop/slots/jili.html]
[nx-cdn.trgwl.com/Images/nexus-beta/dark-gold/desktop/providers/shortcuts/live222780.png]
[172.105.124.130/desktop/slots/live22.html]
[nx-cdn.trgwl.com/Images/nexus-beta/dark-gold/desktop/providers/shortcuts/playstar2780.png]
[172.105.124.130/desktop/slots/playstar.html]
[nx-cdn.trgwl.com/Images/nexus-beta/dark-gold/desktop/providers/shortcuts/spadegaming2780.png]
[172.105.124.130/desktop/slots/spade-gaming.html]
[nx-cdn.trgwl.com/Images/nexus-beta/dark-gold/desktop/providers/shortcuts/fungaming2780.png]
[172.105.124.130/desktop/slots/fun-gaming.html]
[nx-cdn.trgwl.com/Images/nexus-beta/dark-gold/desktop/providers/shortcuts/habanero2780.png]
[172.105.124.130/desktop/slots/habanero.html]
[nx-cdn.trgwl.com/Images/nexus-beta/dark-gold/desktop/providers/shortcuts/jdb2780.png]
[172.105.124.130/desktop/slots/jdb.html]
[nx-cdn.trgwl.com/Images/nexus-beta/dark-gold/desktop/providers/shortcuts/sbocq92780.png]
[172.105.124.130/desktop/slots/cq9.html]
[nx-cdn.trgwl.com/Images/nexus-beta/dark-gold/desktop/providers/shortcuts/ttg2780.png]
[172.105.124.130/desktop/slots/ttg.html]
[nx-cdn.trgwl.com/Images/nexus-beta/dark-gold/desktop/providers/shortcuts/betsoft2780.png]
[172.105.124.130/desktop/slots/betsoft.html]
[nx-cdn.trgwl.com/Images/nexus-beta/dark-gold/desktop/providers/shortcuts/playtech2780.png]
[172.105.124.130/desktop/slots/playtech.html]
[nx-cdn.trgwl.com/Images/nexus-beta/dark-gold/desktop/providers/shortcuts/yggdrasil2780.png]
[172.105.124.130/desktop/slots/yggdrasil.html]
[nx-cdn.trgwl.com/Images/nexus-beta/dark-gold/desktop/providers/shortcuts/playngo2780.png]
[172.105.124.130/desktop/slots/playngo.html]
[nx-cdn.trgwl.com/Images/nexus-beta/dark-gold/desktop/providers/shortcuts/onetouch2780.png]
[172.105.124.130/desktop/slots/onetouch.html]
[nx-cdn.trgwl.com/Images/nexus-beta/dark-gold/desktop/providers/shortcuts/sborealtimegaming2780.png]
[172.105.124.130/desktop/slots/real-time-gaming.html]
[nx-cdn.trgwl.com/Images/nexus-beta/dark-gold/desktop/providers/shortcuts/sboflowgaming2780.png]
[nx-cdn.trgwl.com/Images/nexus-beta/dark-gold/desktop/providers/shortcuts/iconicgaming2780.png]
[172.105.124.130/desktop/slots/astro-tech.html]
[nx-cdn.trgwl.com/Images/nexus-beta/dark-gold/desktop/providers/shortcuts/sbofunkygame2780.png]
[172.105.124.130/desktop/slots/funky-games.html]
[172.105.124.130/desktop/casino.html]
[nx-cdn.trgwl.com/Images/nexus-beta/dark-gold/desktop/providers/shortcuts/pplivecasino2780.png]
[172.105.124.130/desktop/casino/pragmatic.html]
[nx-cdn.trgwl.com/Images/nexus-beta/dark-gold/desktop/providers/shortcuts/mglivecasino2780.png]
[nx-cdn.trgwl.com/Images/nexus-beta/dark-gold/desktop/providers/shortcuts/evogaming2780.png]
[172.105.124.130/desktop/casino/evo-gaming.html]
[nx-cdn.trgwl.com/Images/nexus-beta/dark-gold/desktop/providers/shortcuts/sbosexybaccarat2780.png]
[nx-cdn.trgwl.com/Images/nexus-beta/dark-gold/desktop/providers/shortcuts/prettygaming2780.png]
[nx-cdn.trgwl.com/Images/nexus-beta/dark-gold/desktop/providers/shortcuts/ag2780.png]
[nx-cdn.trgwl.com/Images/nexus-beta/dark-gold/desktop/providers/shortcuts/allbet2780.png]
[nx-cdn.trgwl.com/Images/nexus-beta/dark-gold/desktop/providers/shortcuts/pgslive2780.png]
[nx-cdn.trgwl.com/Images/nexus-beta/dark-gold/desktop/providers/shortcuts/dreamgaming2780.png]
[nx-cdn.trgwl.com/Images/nexus-beta/dark-gold/desktop/providers/shortcuts/sbocasino2780.png]
[nx-cdn.trgwl.com/Images/nexus-beta/dark-gold/desktop/providers/shortcuts/sv3882780.png]
[nx-cdn.trgwl.com/Images/nexus-beta/dark-gold/desktop/providers/shortcuts/sbo2780.png]
[172.105.124.130/desktop/sport.html]
[nx-cdn.trgwl.com/Images/nexus-beta/dark-gold/desktop/providers/shortcuts/ibcsports2780.png]
[nx-cdn.trgwl.com/Images/nexus-beta/dark-gold/desktop/providers/shortcuts/opus2780.png]
[nx-cdn.trgwl.com/Images/nexus-beta/dark-gold/desktop/providers/shortcuts/wbet2780.png]
[nx-cdn.trgwl.com/Images/nexus-beta/dark-gold/desktop/providers/shortcuts/pinnacle2780.png]
[nx-cdn.trgwl.com/Images/nexus-beta/dark-gold/desktop/providers/shortcuts/imone2780.png]
[nx-cdn.trgwl.com/Images/nexus-beta/dark-gold/desktop/providers/shortcuts/pinnacleesports2780.png]
[nx-cdn.trgwl.com/Images/nexus-beta/dark-gold/desktop/providers/shortcuts/tfgaming2780.png]
[nx-cdn.trgwl.com/Images/nexus-beta/dark-gold/desktop/providers/shortcuts/sbovirtualgames2780.png]
[nx-cdn.trgwl.com/Images/nexus-beta/dark-gold/desktop/providers/shortcuts/ppvirtualgames2780.png]
[172.105.124.130/desktop/arcade.html]
[nx-cdn.trgwl.com/Images/nexus-beta/dark-gold/desktop/providers/shortcuts/microgamingfishing2780.png]
[172.105.124.130/desktop/arcade/microgaming.html]
[nx-cdn.trgwl.com/Images/nexus-beta/dark-gold/desktop/providers/shortcuts/crowdplayfishing2780.png]
[172.105.124.130/desktop/arcade/crowd-play.html]
[nx-cdn.trgwl.com/Images/nexus-beta/dark-gold/desktop/providers/shortcuts/jokerfishing2780.png]
[172.105.124.130/desktop/arcade/joker.html]
[nx-cdn.trgwl.com/Images/nexus-beta/dark-gold/desktop/providers/shortcuts/fachaifishing2780.png]
[172.105.124.130/desktop/arcade/fachai.html]
[nx-cdn.trgwl.com/Images/nexus-beta/dark-gold/desktop/providers/shortcuts/jilifishing2780.png]
[172.105.124.130/desktop/arcade/jili.html]
[nx-cdn.trgwl.com/Images/nexus-beta/dark-gold/desktop/providers/shortcuts/ambfishing2780.png]
[172.105.124.130/desktop/arcade/amb-slot.html]
[nx-cdn.trgwl.com/Images/nexus-beta/dark-gold/desktop/providers/shortcuts/vpowerfishing2780.png]
[172.105.124.130/desktop/arcade/vpower.html]
[nx-cdn.trgwl.com/Images/nexus-beta/dark-gold/desktop/providers/shortcuts/marioclubfishing2780.png]
[172.105.124.130/desktop/arcade/mario-club.html]
[nx-cdn.trgwl.com/Images/nexus-beta/dark-gold/desktop/providers/shortcuts/dragoonsoftfishing2780.png]
[172.105.124.130/desktop/arcade/dragoonsoft.html]
[nx-cdn.trgwl.com/Images/nexus-beta/dark-gold/desktop/providers/shortcuts/live22fishing2780.png]
[172.105.124.130/desktop/arcade/live22.html]
[nx-cdn.trgwl.com/Images/nexus-beta/dark-gold/desktop/providers/shortcuts/sbocq9fishing2780.png]
[172.105.124.130/desktop/arcade/cq9.html]
[nx-cdn.trgwl.com/Images/nexus-beta/dark-gold/desktop/providers/shortcuts/spadegamingfishing2780.png]
[172.105.124.130/desktop/arcade/spade-gaming.html]
[nx-cdn.trgwl.com/Images/nexus-beta/dark-gold/desktop/providers/shortcuts/fungamingfishing2780.png]
[172.105.124.130/desktop/arcade/fun-gaming.html]
[nx-cdn.trgwl.com/Images/nexus-beta/dark-gold/desktop/providers/shortcuts/arcadia2780.png]
[172.105.124.130/desktop/arcade/arcadia.html]
[nx-cdn.trgwl.com/Images/nexus-beta/dark-gold/desktop/providers/shortcuts/playstarfishing2780.png]
[172.105.124.130/desktop/arcade/playstar.html]
[nx-cdn.trgwl.com/Images/nexus-beta/dark-gold/desktop/providers/shortcuts/advantplayminigame2780.png]
[172.105.124.130/desktop/arcade/advantplay-mini-game.html]
[nx-cdn.trgwl.com/Images/nexus-beta/dark-gold/desktop/providers/shortcuts/jdbfishing2780.png]
[172.105.124.130/desktop/arcade/jdb.html]
[nx-cdn.trgwl.com/Images/nexus-beta/dark-gold/desktop/providers/shortcuts/iconicgamingfishing2780.png]
[172.105.124.130/desktop/arcade/astro-tech.html]
[nx-cdn.trgwl.com/Images/nexus-beta/dark-gold/desktop/providers/shortcuts/sbofunkygamefishing2780.png]
[172.105.124.130/desktop/arcade/funky-games.html]
[nx-cdn.trgwl.com/Images/nexus-beta/dark-gold/desktop/providers/shortcuts/ixttangkas2780.png]
[nx-cdn.trgwl.com/Images/nexus-beta/dark-gold/desktop/providers/shortcuts/onepoker2780.png]
[172.105.124.130/desktop/poker.html]
[172.105.124.130/desktop/others.html]
[172.105.124.130/desktop/promotion.html]
[api2-dus.tr8n2games.com/images/id_cbd_f8f94cab-30f0-4fbd-a676-f494b150d93e_1667199587700.jpg]
[api2-dus.tr8n2games.com/images/id_cbd_d34607c1-098a-4240-b909-83525eee8e0d_1667199790880.jpg]
[api2-dus.tr8n2games.com/images/id_cbd_f60ce61f-5bd1-4a6d-a5a5-61bec0fa78b8_1667200608563.jpg]
[api2-dus.tr8n2games.com/images/id_cbd_96a024fc-e6b0-4813-adc0-d39a58e02ca7_1667200513020.jpg]
[api2-dus.tr8n2games.com/images/id_cbd_d3d088dd-6d42-48a6-960e-3b364b1f4b8b_1667200707543.jpg]
[api2-dus.tr8n2games.com/images/id_cbd_4b574dda-fb78-43b3-aafb-7bcf928d3fe8_1667200763413.jpg]
[nx-cdn.trgwl.com/Images/banners/home/pp-rabbit-fortune-desktop.png]
[172.105.124.130/slots/pragmatic.html]
[172.105.124.130/slots/microgaming.html]
[nx-cdn.trgwl.com/Images/banners/home/mg-sleep-no-more-desktop.jpg]
[172.105.124.130/casino/pragmatic.html]
[nx-cdn.trgwl.com/Images/banners/home/pp-casino-nexus-exclusive-desktop.png]
[172.105.124.130/casino/mg-live.html]
[nx-cdn.trgwl.com/Images/banners/home/mglive-tantangan-tahun-kelinci-desktop.jpg]
[nx-cdn.trgwl.com/Images/banners/home/crowdplay-money-bag-desktop.jpg]
[172.105.124.130/slots/ion-slot.html]
[nx-cdn.trgwl.com/Images/banners/home/ionslot-cashdrop-januari-desktop.png]
[nx-cdn.trgwl.com/Images/nexus-beta/dark-gold/desktop/home/news2780.png]
[nx-cdn.trgwl.com/Images/nexus-beta/dark-gold/desktop/backgrounds/home2780.jpg]
[nx-cdn.trgwl.com/Images/nexus-beta/dark-gold/desktop/home/jackpot2780.png]
[nx-cdn.trgwl.com/Images/nexus-beta/dark-gold/desktop/home/new-games2780.png]
[nx-cdn.trgwl.com/Images/providers/PP/vs20gatotgates2780.jpg]
[nx-cdn.trgwl.com/Images/providers/PGSOFT/PGSOFT_14028462780.jpg]
[nx-cdn.trgwl.com/Images/providers/MICROGAMING/SMG_mastersOfOlympus2780.jpg]
[nx-cdn.trgwl.com/Images/providers/ADVANTPLAY/AdvantPlay_100322780.jpg]
[nx-cdn.trgwl.com/Images/providers/PGS/agg_ht-powerofthor_2900872780.jpg]
[nx-cdn.trgwl.com/Images/providers/CROWDPLAY/CNYFever2780.jpg]
[nx-cdn.trgwl.com/Images/nexus-beta/dark-gold/desktop/home/popular-games2780.png]
[nx-cdn.trgwl.com/Images/providers/PP/vs20fruitsnexus2780.jpg]
[nx-cdn.trgwl.com/Images/providers/PGSOFT/mahjong-ways22780.jpg]
[nx-cdn.trgwl.com/Images/providers/MICROGAMING/SMG_bisonMoon2780.jpg]
[nx-cdn.trgwl.com/Images/providers/ADVANTPLAY/AdvantPlay_100272780.jpg]
[nx-cdn.trgwl.com/Images/providers/CROWDPLAY/GateofNinja2780.jpg]
[nx-cdn.trgwl.com/Images/nexus-beta/dark-gold/desktop/home/jackpot-games2780.png]
[nx-cdn.trgwl.com/Images/providers/PP/vs25asgardjp2780.jpg]
[nx-cdn.trgwl.com/Images/providers/PP/vs10madamejp2780.jpg]
[nx-cdn.trgwl.com/Images/providers/PP/vs20fruitswjp2780.jpg]
[nx-cdn.trgwl.com/Images/providers/MICROGAMING/SMG_squealinRiches2780.jpg]
[nx-cdn.trgwl.com/Images/providers/MICROGAMING/SMG_9masksOfFireHyperSpins2780.jpg]
[nx-cdn.trgwl.com/Images/providers/MICROGAMING/SMG_breakAwayLuckyWilds2780.jpg]
[nx-cdn.trgwl.com/Images/nexus-beta/dark-gold/desktop/home/download-apk-background2780.png]
[nx-cdn.trgwl.com/Images/nexus-beta/dark-gold/desktop/home/download-apk-phone2780.png]
[nx-cdn.trgwl.com/Images/apk-qrcodes/DUS2780.jpg]
[nx-cdn.trgwl.com/Images/nexus-beta/dark-gold/desktop/home/download-android-button2780.png]
[172.105.124.130/slots/slot88.html]
[172.105.124.130/slots.html]
[i.ibb.co/DQkJqzJ/btn-close.png]
[i.ibb.co/PYCxYjL/rtp-duniaslot88.gif]
[i.ibb.co/J2NwFtJ/telegram2.gif]
[i.ibb.co/C8Jnq2z/whatsapp2.gif]
[nx-cdn.trgwl.com/Images/nexus-beta/dark-gold/desktop/layout/icon-sprite2780.png]
[api2-dus.tr8n2games.com/images/BCA_e1bab23f-dda6-4835-b3ce-d5039f28546c_1647777626430.png]
[api2-dus.tr8n2games.com/images/BNI_3d30334c-d871-46fb-80b3-0fcb12f99b87_1648395217777.png]
[api2-dus.tr8n2games.com/images/BRI_a458ab91-91a3-49ac-98b3-1bfc5d1966bd_1647777677597.png]
[api2-dus.tr8n2games.com/images/DANA_1dc30ee4-c41a-4123-80a4-2d84da18423b_1647777545380.png]
[api2-dus.tr8n2games.com/images/DANAMON_67568e69-ca77-43c8-bf9b-df628bc3b2d6_1647777721030.png]
[api2-dus.tr8n2games.com/images/GOPAY_4336886c-a111-4f56-99cf-17f4c448d0a1_1647777554277.png]
[api2-dus.tr8n2games.com/images/INDOSAT_c549535b-79e4-4df1-8c4b-4dff4802903f_1650617173833.png]
[api2-dus.tr8n2games.com/images/LINKAJA_bdf029cc-29e2-42a6-8ba0-31a7e96dc08f_1647777562620.png]
[api2-dus.tr8n2games.com/images/MANDIRI_ec4427ff-2e6e-4657-a2fe-b3702bc15e7c_1647777733943.png]
[api2-dus.tr8n2games.com/images/OVO_3d0fa5f1-b400-4220-91e0-a9ab4871a315_1647777572340.png]
[api2-dus.tr8n2games.com/images/TELKOMSEL_708c135d-74c5-482f-9d03-27a5f7035c60_1650620298270.png]
[api2-dus.tr8n2games.com/images/XL_ea2a82b1-ca96-4eb1-9a52-cf378c6405e7_1650617064653.png]
[api2-dus.tr8n2games.com/images/Whatsapp_0c86faa4-2b3a-4fb8-932a-11cef83c895f_1649626398560.png]
[api2-dus.tr8n2games.com/images/Telegram_8ecbc9bc-0665-4b29-829a-98a0429e72be_1649626402950.png]
[api2-dus.tr8n2games.com/images/Facebook_a9f9789c-246c-45fa-aa23-7bc843558d72_1649626409903.png]
[api2-dus.tr8n2games.com/images/Instagram_8eb5eeb5-54e2-4429-9d32-53528c258ffe_1649627510837.png]
[nx-cdn.trgwl.com/Images/nexus-beta/dark-gold/desktop/layout/footer/gambling-support2780.png]
[nx-cdn.trgwl.com/Images/nexus-beta/dark-gold/desktop/layout/footer/gambling-support-active2780.png]
[nx-cdn.trgwl.com/Images/nexus-beta/dark-gold/desktop/layout/footer/18-plus2780.png]
[nx-cdn.trgwl.com/Images/nexus-beta/dark-gold/desktop/layout/footer/18-plus-active2780.png]
[nx-cdn.trgwl.com/Images/nexus-beta/dark-gold/desktop/layout/footer/chrome2780.png]
[nx-cdn.trgwl.com/Images/nexus-beta/dark-gold/desktop/layout/footer/chrome-active2780.png]
[nx-cdn.trgwl.com/Images/nexus-beta/dark-gold/desktop/layout/footer/edge2780.png]
[nx-cdn.trgwl.com/Images/nexus-beta/dark-gold/desktop/layout/footer/edge-active2780.png]
[nx-cdn.trgwl.com/Images/nexus-beta/dark-gold/desktop/layout/footer/firefox2780.png]
[nx-cdn.trgwl.com/Images/nexus-beta/dark-gold/desktop/layout/footer/firefox-active2780.png]
[nx-cdn.trgwl.com/Images/nexus-beta/dark-gold/desktop/layout/providers/pp2780.png]
[nx-cdn.trgwl.com/Images/nexus-beta/dark-gold/desktop/layout/providers/pp-active2780.png]
[nx-cdn.trgwl.com/Images/nexus-beta/dark-gold/desktop/layout/providers/playtech2780.png]
[nx-cdn.trgwl.com/Images/nexus-beta/dark-gold/desktop/layout/providers/playtech-active2780.png]
[nx-cdn.trgwl.com/Images/nexus-beta/dark-gold/desktop/layout/providers/joker2780.png]
[nx-cdn.trgwl.com/Images/nexus-beta/dark-gold/desktop/layout/providers/joker-active2780.png]
[nx-cdn.trgwl.com/Images/nexus-beta/dark-gold/desktop/layout/providers/pgsoft2780.png]
[nx-cdn.trgwl.com/Images/nexus-beta/dark-gold/desktop/layout/providers/pgsoft-active2780.png]
[nx-cdn.trgwl.com/Images/nexus-beta/dark-gold/desktop/layout/providers/cq92780.png]
[nx-cdn.trgwl.com/Images/nexus-beta/dark-gold/desktop/layout/providers/cq9-active2780.png]
[nx-cdn.trgwl.com/Images/nexus-beta/dark-gold/desktop/layout/providers/habanero2780.png]
[nx-cdn.trgwl.com/Images/nexus-beta/dark-gold/desktop/layout/providers/habanero-active2780.png]
[nx-cdn.trgwl.com/Images/nexus-beta/dark-gold/desktop/layout/providers/microgaming2780.png]
[nx-cdn.trgwl.com/Images/nexus-beta/dark-gold/desktop/layout/providers/microgaming-active2780.png]
[nx-cdn.trgwl.com/Images/nexus-beta/dark-gold/desktop/layout/providers/playngo2780.png]
[nx-cdn.trgwl.com/Images/nexus-beta/dark-gold/desktop/layout/providers/playngo-active2780.png]
[nx-cdn.trgwl.com/Images/nexus-beta/dark-gold/desktop/layout/providers/rtg2780.png]
[nx-cdn.trgwl.com/Images/nexus-beta/dark-gold/desktop/layout/providers/rtg-active2780.png]
[nx-cdn.trgwl.com/Images/nexus-beta/dark-gold/desktop/layout/providers/flow-gaming2780.png]
[nx-cdn.trgwl.com/Images/nexus-beta/dark-gold/desktop/layout/providers/flow-gaming-active2780.png]
[nx-cdn.trgwl.com/Images/nexus-beta/dark-gold/desktop/layout/providers/spade-gaming2780.png]
[nx-cdn.trgwl.com/Images/nexus-beta/dark-gold/desktop/layout/providers/spade-gaming-active2780.png]
[nx-cdn.trgwl.com/Images/nexus-beta/dark-gold/desktop/layout/providers/one-touch2780.png]
[nx-cdn.trgwl.com/Images/nexus-beta/dark-gold/desktop/layout/providers/one-touch-active2780.png]
[nx-cdn.trgwl.com/Images/nexus-beta/dark-gold/desktop/layout/providers/slot882780.png]
[nx-cdn.trgwl.com/Images/nexus-beta/dark-gold/desktop/layout/providers/slot88-active2780.png]
[nx-cdn.trgwl.com/Images/nexus-beta/dark-gold/desktop/layout/providers/yggdrasil2780.png]
[nx-cdn.trgwl.com/Images/nexus-beta/dark-gold/desktop/layout/providers/yggdrasil-active2780.png]
[nx-cdn.trgwl.com/Images/nexus-beta/dark-gold/desktop/layout/providers/live222780.png]
[nx-cdn.trgwl.com/Images/nexus-beta/dark-gold/desktop/layout/providers/live22-active2780.png]
[nx-cdn.trgwl.com/Images/nexus-beta/dark-gold/desktop/layout/providers/ion-slot2780.png]
[nx-cdn.trgwl.com/Images/nexus-beta/dark-gold/desktop/layout/providers/ion-slot-active2780.png]
[nx-cdn.trgwl.com/Images/nexus-beta/dark-gold/desktop/layout/providers/jdb2780.png]
[nx-cdn.trgwl.com/Images/nexus-beta/dark-gold/desktop/layout/providers/jdb-active2780.png]
[nx-cdn.trgwl.com/Images/nexus-beta/dark-gold/desktop/layout/providers/iconic-gaming2780.png]
[nx-cdn.trgwl.com/Images/nexus-beta/dark-gold/desktop/layout/providers/iconic-gaming-active2780.png]
[nx-cdn.trgwl.com/Images/nexus-beta/dark-gold/desktop/layout/providers/advantplay2780.png]
[nx-cdn.trgwl.com/Images/nexus-beta/dark-gold/desktop/layout/providers/advantplay-active2780.png]
[nx-cdn.trgwl.com/Images/nexus-beta/dark-gold/desktop/layout/providers/amb-slot2780.png]
[nx-cdn.trgwl.com/Images/nexus-beta/dark-gold/desktop/layout/providers/amb-slot-active2780.png]
[nx-cdn.trgwl.com/Images/nexus-beta/dark-gold/desktop/layout/providers/playstar2780.png]
[nx-cdn.trgwl.com/Images/nexus-beta/dark-gold/desktop/layout/providers/playstar-active2780.png]
[nx-cdn.trgwl.com/Images/nexus-beta/dark-gold/desktop/layout/providers/ttg2780.png]
[nx-cdn.trgwl.com/Images/nexus-beta/dark-gold/desktop/layout/providers/ttg-active2780.png]
[nx-cdn.trgwl.com/Images/nexus-beta/dark-gold/desktop/layout/providers/betsoft2780.png]
[nx-cdn.trgwl.com/Images/nexus-beta/dark-gold/desktop/layout/providers/betsoft-active2780.png]
[nx-cdn.trgwl.com/Images/nexus-beta/dark-gold/desktop/layout/providers/jili2780.png]
[nx-cdn.trgwl.com/Images/nexus-beta/dark-gold/desktop/layout/providers/jili-active2780.png]
[nx-cdn.trgwl.com/Images/nexus-beta/dark-gold/desktop/layout/providers/funky-games2780.png]
[nx-cdn.trgwl.com/Images/nexus-beta/dark-gold/desktop/layout/providers/funky-games-active2780.png]
[nx-cdn.trgwl.com/Images/nexus-beta/dark-gold/desktop/layout/providers/reel-kingdom2780.png]
[nx-cdn.trgwl.com/Images/nexus-beta/dark-gold/desktop/layout/providers/reel-kingdom-active2780.png]
[nx-cdn.trgwl.com/Images/nexus-beta/dark-gold/desktop/layout/providers/fachai2780.png]
[nx-cdn.trgwl.com/Images/nexus-beta/dark-gold/desktop/layout/providers/fachai-active2780.png]
[nx-cdn.trgwl.com/Images/nexus-beta/dark-gold/desktop/layout/providers/crowd-play2780.png]
[nx-cdn.trgwl.com/Images/nexus-beta/dark-gold/desktop/layout/providers/crowd-play-active2780.png]
[nx-cdn.trgwl.com/Images/nexus-beta/dark-gold/desktop/layout/providers/bigpot2780.png]
[nx-cdn.trgwl.com/Images/nexus-beta/dark-gold/desktop/layout/providers/bigpot-active2780.png]
[nx-cdn.trgwl.com/Images/nexus-beta/dark-gold/desktop/layout/providers/vpower2780.png]
[nx-cdn.trgwl.com/Images/nexus-beta/dark-gold/desktop/layout/providers/vpower-active2780.png]
[nx-cdn.trgwl.com/Images/nexus-beta/dark-gold/desktop/layout/providers/fun-gaming2780.png]
[nx-cdn.trgwl.com/Images/nexus-beta/dark-gold/desktop/layout/providers/fun-gaming-active2780.png]
[nx-cdn.trgwl.com/Images/nexus-beta/dark-gold/desktop/layout/providers/dragoonsoft2780.png]
[nx-cdn.trgwl.com/Images/nexus-beta/dark-gold/desktop/layout/providers/dragoonsoft-active2780.png]
[nx-cdn.trgwl.com/Images/nexus-beta/dark-gold/desktop/layout/providers/mario-club2780.png]
[nx-cdn.trgwl.com/Images/nexus-beta/dark-gold/desktop/layout/providers/mario-club-active2780.png]
[nx-cdn.trgwl.com/Images/nexus-beta/dark-gold/desktop/layout/providers/trg2780.png]
[nx-cdn.trgwl.com/Images/nexus-beta/dark-gold/desktop/layout/providers/trg-active2780.png]
[nx-cdn.trgwl.com/Images/nexus-beta/dark-gold/desktop/layout/providers/568win2780.png]
[nx-cdn.trgwl.com/Images/nexus-beta/dark-gold/desktop/layout/providers/568win-active2780.png]
[nx-cdn.trgwl.com/Images/nexus-beta/dark-gold/desktop/layout/providers/ag2780.png]
[nx-cdn.trgwl.com/Images/nexus-beta/dark-gold/desktop/layout/providers/ag-active2780.png]
[nx-cdn.trgwl.com/Images/nexus-beta/dark-gold/desktop/layout/providers/sexy-baccarat2780.png]
[nx-cdn.trgwl.com/Images/nexus-beta/dark-gold/desktop/layout/providers/sexy-baccarat-active2780.png]
[nx-cdn.trgwl.com/Images/nexus-beta/dark-gold/desktop/layout/providers/evo-gaming2780.png]
[nx-cdn.trgwl.com/Images/nexus-beta/dark-gold/desktop/layout/providers/evo-gaming-active2780.png]
[nx-cdn.trgwl.com/Images/nexus-beta/dark-gold/desktop/layout/providers/pretty-gaming2780.png]
[nx-cdn.trgwl.com/Images/nexus-beta/dark-gold/desktop/layout/providers/pretty-gaming-active2780.png]
[nx-cdn.trgwl.com/Images/nexus-beta/dark-gold/desktop/layout/providers/dream-gaming2780.png]
[nx-cdn.trgwl.com/Images/nexus-beta/dark-gold/desktop/layout/providers/dream-gaming-active2780.png]
[nx-cdn.trgwl.com/Images/nexus-beta/dark-gold/desktop/layout/providers/allbet2780.png]
[nx-cdn.trgwl.com/Images/nexus-beta/dark-gold/desktop/layout/providers/allbet-active2780.png]
[nx-cdn.trgwl.com/Images/nexus-beta/dark-gold/desktop/layout/providers/sv3882780.png]
[nx-cdn.trgwl.com/Images/nexus-beta/dark-gold/desktop/layout/providers/sv388-active2780.png]
[nx-cdn.trgwl.com/Images/nexus-beta/dark-gold/desktop/layout/providers/pgs-live2780.png]
[nx-cdn.trgwl.com/Images/nexus-beta/dark-gold/desktop/layout/providers/pgs-live-active2780.png]
[nx-cdn.trgwl.com/Images/nexus-beta/dark-gold/desktop/layout/providers/mg-live2780.png]
[nx-cdn.trgwl.com/Images/nexus-beta/dark-gold/desktop/layout/providers/mg-live-active2780.png]
[nx-cdn.trgwl.com/Images/nexus-beta/dark-gold/desktop/layout/providers/sbo2780.png]
[nx-cdn.trgwl.com/Images/nexus-beta/dark-gold/desktop/layout/providers/sbo-active2780.png]
[nx-cdn.trgwl.com/Images/nexus-beta/dark-gold/desktop/layout/providers/ibc-sports2780.png]
[nx-cdn.trgwl.com/Images/nexus-beta/dark-gold/desktop/layout/providers/ibc-sports-active2780.png]
[nx-cdn.trgwl.com/Images/nexus-beta/dark-gold/desktop/layout/providers/tf-gaming2780.png]
[nx-cdn.trgwl.com/Images/nexus-beta/dark-gold/desktop/layout/providers/tf-gaming-active2780.png]
[nx-cdn.trgwl.com/Images/nexus-beta/dark-gold/desktop/layout/providers/pinnacle2780.png]
[nx-cdn.trgwl.com/Images/nexus-beta/dark-gold/desktop/layout/providers/pinnacle-active2780.png]
[nx-cdn.trgwl.com/Images/nexus-beta/dark-gold/desktop/layout/providers/pinnacle-esports2780.png]
[nx-cdn.trgwl.com/Images/nexus-beta/dark-gold/desktop/layout/providers/pinnacle-esports-active2780.png]
[nx-cdn.trgwl.com/Images/nexus-beta/dark-gold/desktop/layout/providers/wbet2780.png]
[nx-cdn.trgwl.com/Images/nexus-beta/dark-gold/desktop/layout/providers/wbet-active2780.png]
[nx-cdn.trgwl.com/Images/nexus-beta/dark-gold/desktop/layout/providers/opus2780.png]
[nx-cdn.trgwl.com/Images/nexus-beta/dark-gold/desktop/layout/providers/opus-active2780.png]
[nx-cdn.trgwl.com/Images/nexus-beta/dark-gold/desktop/layout/providers/im-esports2780.png]
[nx-cdn.trgwl.com/Images/nexus-beta/dark-gold/desktop/layout/providers/im-esports-active2780.png]
[nx-cdn.trgwl.com/Images/nexus-beta/dark-gold/desktop/layout/providers/mm-tangkas2780.png]
[nx-cdn.trgwl.com/Images/nexus-beta/dark-gold/desktop/layout/providers/mm-tangkas-active2780.png]
[nx-cdn.trgwl.com/Images/nexus-beta/dark-gold/desktop/layout/providers/advantplay-mini-game2780.png]
[nx-cdn.trgwl.com/Images/nexus-beta/dark-gold/desktop/layout/providers/advantplay-mini-game-active2780.png]
[nx-cdn.trgwl.com/Images/nexus-beta/dark-gold/desktop/layout/providers/arcadia2780.png]
[nx-cdn.trgwl.com/Images/nexus-beta/dark-gold/desktop/layout/providers/arcadia-active2780.png]
[nx-cdn.trgwl.com/Images/nexus-beta/dark-gold/desktop/layout/providers/g8-poker2780.png]
[nx-cdn.trgwl.com/Images/nexus-beta/dark-gold/desktop/layout/providers/g8-poker-active2780.png]
[nx-cdn.trgwl.com/Images/nexus-beta/dark-gold/desktop/layout/providers/nine-gaming2780.png]
[nx-cdn.trgwl.com/Images/nexus-beta/dark-gold/desktop/layout/providers/nine-gaming-active2780.png]
[nx-cdn.trgwl.com/Images/nexus-beta/dark-gold/desktop/layout/providers/nex-4d2780.png]
[nx-cdn.trgwl.com/Images/nexus-beta/dark-gold/desktop/layout/providers/nex-4d-active2780.png]
[nx-cdn.trgwl.com/Images/nexus-beta/dark-gold/desktop/layout/forgot-password/dice-12780.png]
[nx-cdn.trgwl.com/Images/nexus-beta/dark-gold/desktop/layout/forgot-password/dice-22780.png]
[172.105.124.130/captcha.jpg]
[nx-cdn.trgwl.com/Images/nexus-beta/dark-gold/desktop/layout/popup/alert2780.png]
[172.105.124.130/bundles/nexus-beta-desktop-jsb5c2]
[172.105.124.130/bundles/Home/desktop-js441d]
[172.105.124.130/index.html]
[cdn.livechatinc.com/tracking.js]
[172.105.124.130/fonts/glyphicons-halflings-regular.eot]
[172.105.124.130/fonts/glyphicons-halflings-regulard41d.eot]
[172.105.124.130/fonts/glyphicons-halflings-regular.ttf]
[172.105.124.130/fonts/glyphicons-halflings-regular.svg]
[172.105.124.130/fonts/Lato-Regular.woff]
[172.105.124.130/fonts/Open24DisplaySt.woff]
[172.105.124.130/fonts/lato-black.woff2]
[172.105.124.130/fonts/lato-black.woff]
[172.105.124.130/fonts/lato-medium.woff2]
[172.105.124.130/fonts/lato-medium.woff]
[172.105.124.130/fonts/lato-bold.woff]
[172.105.124.130/fonts/barlow-black-webfont.woff2]
[172.105.124.130/fonts/barlow-black-webfont.woff]
[172.105.124.130/fonts/Gilroy-Light.ttf]
[172.105.124.130/Content/nexus-beta-desktop-css84f1.css]
[172.105.124.130/Content/Home/nexus-beta-desktop-css3019.css]
[172.105.124.130/Content/Theme/nexus-beta-desktop-dark-gold-css97b6.css]
[172.105.124.130/Content/Home/nexus-beta-mobile-cssea18.css]
[172.105.124.130/Content/Theme/nexus-beta-mobile-dark-gold-css4833.css]
[nx-cdn.trgwl.com/Images/icons/desktop-white2780.png]
[api2-dus.tr8n2games.com/images/logo_mobile_dfde0887-1462-4309-94a0-65ec96fdfcb2_1663162126563.png]
[172.105.124.130/mobile/login.html]
[172.105.124.130/mobile/register.html]
[api2-dus.tr8n2games.com/images/id_cbm_f8f94cab-30f0-4fbd-a676-f494b150d93e_1667199587700.jpg]
[api2-dus.tr8n2games.com/images/id_cbm_d34607c1-098a-4240-b909-83525eee8e0d_1667199790880.jpg]
[api2-dus.tr8n2games.com/images/id_cbm_f60ce61f-5bd1-4a6d-a5a5-61bec0fa78b8_1667200608563.jpg]
[api2-dus.tr8n2games.com/images/id_cbm_96a024fc-e6b0-4813-adc0-d39a58e02ca7_1667200513020.jpg]
[api2-dus.tr8n2games.com/images/id_cbm_d3d088dd-6d42-48a6-960e-3b364b1f4b8b_1667200707543.jpg]
[api2-dus.tr8n2games.com/images/id_cbm_4b574dda-fb78-43b3-aafb-7bcf928d3fe8_1667200763413.jpg]
[nx-cdn.trgwl.com/Images/banners/home/pp-rabbit-fortune-mobile.png]
[172.105.124.130/mobile/slots/pragmatic.html]
[nx-cdn.trgwl.com/Images/banners/home/mg-sleep-no-more-mobile.jpg]
[172.105.124.130/mobile/slots/microgaming.html]
[nx-cdn.trgwl.com/Images/banners/home/pp-casino-nexus-exclusive-mobile.png]
[172.105.124.130/mobile/casino/pragmatic.html]
[nx-cdn.trgwl.com/Images/banners/home/mglive-tantangan-tahun-kelinci-mobile.jpg]
[172.105.124.130/mobile/casino/mg-live.html]
[nx-cdn.trgwl.com/Images/banners/home/crowdplay-money-bag-mobile.jpg]
[nx-cdn.trgwl.com/Images/banners/home/ionslot-cashdrop-januari-mobile.png]
[172.105.124.130/mobile/slots/ion-slot.html]
[172.105.124.130/mobile/hot-games.html]
[172.105.124.130/mobile/slots.html]
[172.105.124.130/mobile/casino.html]
[172.105.124.130/mobile/sport.html]
[172.105.124.130/mobile/arcade.html]
[172.105.124.130/mobile/poker.html]
[nx-cdn.trgwl.com/Images/nexus-beta/dark-gold/mobile/jackpot/container2780.jpg]
[nx-cdn.trgwl.com/Images/nexus-beta/dark-gold/mobile/layout/popular-games2780.png]
[172.105.124.130/mobile/others.html]
[nx-cdn.trgwl.com/Images/nexus-beta/dark-gold/mobile/layout/download-app2780.png]
[nx-cdn.trgwl.com/Images/nexus-beta/dark-gold/mobile/home/android-logo2780.png]
[172.105.124.130/mobile/about-us.html]
[172.105.124.130/mobile/responsible-gaming.html]
[172.105.124.130/mobile/faq.html]
[172.105.124.130/mobile/terms-of-use.html]
[172.105.124.130/mobile/promotion.html]
[172.105.124.130/mobile/contact-us.html]
[172.105.124.130/mobile/slots/crowd-play.html]
[172.105.124.130/mobile/slots/pgsoft.html]
[172.105.124.130/mobile/slots/advantplay.html]
[172.105.124.130/mobile/slots/reel-kingdom.html]
[172.105.124.130/mobile/slots/amb-slot.html]
[172.105.124.130/mobile/slots/bigpot.html]
[172.105.124.130/mobile/slots/vpower.html]
[172.105.124.130/mobile/slots/mario-club.html]
[172.105.124.130/mobile/slots/dragoonsoft.html]
[172.105.124.130/mobile/slots/slot88.html]
[172.105.124.130/mobile/slots/joker.html]
[172.105.124.130/mobile/slots/fachai.html]
[172.105.124.130/mobile/slots/jili.html]
[172.105.124.130/mobile/slots/live22.html]
[172.105.124.130/mobile/slots/playstar.html]
[172.105.124.130/mobile/slots/spade-gaming.html]
[172.105.124.130/mobile/slots/fun-gaming.html]
[172.105.124.130/mobile/slots/habanero.html]
[172.105.124.130/mobile/slots/jdb.html]
[172.105.124.130/mobile/slots/cq9.html]
[172.105.124.130/mobile/slots/ttg.html]
[172.105.124.130/mobile/slots/betsoft.html]
[172.105.124.130/mobile/slots/playtech.html]
[172.105.124.130/mobile/slots/yggdrasil.html]
[172.105.124.130/mobile/slots/playngo.html]
[172.105.124.130/mobile/slots/onetouch.html]
[172.105.124.130/mobile/slots/real-time-gaming.html]
[172.105.124.130/mobile/slots/astro-tech.html]
[172.105.124.130/mobile/slots/funky-games.html]
[172.105.124.130/mobile/casino/evo-gaming.html]
[172.105.124.130/mobile/arcade/microgaming.html]
[172.105.124.130/mobile/arcade/crowd-play.html]
[172.105.124.130/mobile/arcade/joker.html]
[172.105.124.130/mobile/arcade/fachai.html]
[172.105.124.130/mobile/arcade/jili.html]
[172.105.124.130/mobile/arcade/amb-slot.html]
[172.105.124.130/mobile/arcade/vpower.html]
[172.105.124.130/mobile/arcade/mario-club.html]
[172.105.124.130/mobile/arcade/dragoonsoft.html]
[172.105.124.130/mobile/arcade/live22.html]
[172.105.124.130/mobile/arcade/cq9.html]
[172.105.124.130/mobile/arcade/spade-gaming.html]
[172.105.124.130/mobile/arcade/fun-gaming.html]
[172.105.124.130/mobile/arcade/arcadia.html]
[172.105.124.130/mobile/arcade/playstar.html]
[172.105.124.130/mobile/arcade/advantplay-mini-game.html]
[172.105.124.130/mobile/arcade/jdb.html]
[172.105.124.130/mobile/arcade/astro-tech.html]
[172.105.124.130/mobile/arcade/funky-games.html]
[172.105.124.130/mobile/home.html]
[172.105.124.130/bundles/Home/nexus-beta-mobile-jsfc27]
[172.105.124.130/desktop/casino/mg-live.html]
[172.105.124.130/desktop/home.html]
[nx-cdn.trgwl.com/Images/nexus-beta/dark-gold/desktop/providers/icons/hot-games/pp2780.png]
[nx-cdn.trgwl.com/Images/nexus-beta/dark-gold/desktop/providers/icons/hot-games/trg2780.png]
[nx-cdn.trgwl.com/Images/nexus-beta/dark-gold/desktop/providers/icons/hot-games/microgaming2780.png]
[172.105.124.130/desktop/casino/ion-casino.html]
[nx-cdn.trgwl.com/Images/nexus-beta/dark-gold/desktop/providers/icons/hot-games/crowdplay2780.png]
[nx-cdn.trgwl.com/Images/nexus-beta/dark-gold/desktop/providers/icons/hot-games/pgsoft2780.png]
[nx-cdn.trgwl.com/Images/nexus-beta/dark-gold/desktop/providers/icons/hot-games/advantplay2780.png]
[nx-cdn.trgwl.com/Images/nexus-beta/dark-gold/desktop/providers/icons/hot-games/reelkingdom2780.png]
[nx-cdn.trgwl.com/Images/nexus-beta/dark-gold/desktop/providers/icons/hot-games/g8poker2780.png]
[172.105.124.130/desktop/poker/balak-play.html]
[nx-cdn.trgwl.com/Images/nexus-beta/dark-gold/desktop/providers/icons/hot-games/balak4d2780.png]
[172.105.124.130/desktop/others/nex-4d.html]
[172.105.124.130/desktop/hot-games.html]
[172.105.124.130/Content/Slots/nexus-beta-desktop-css7665.css]
[nx-cdn.trgwl.com/Images/nexus-beta/dark-gold/desktop/backgrounds/slots2780.jpg]
[nx-cdn.trgwl.com/Images/nexus-beta/dark-gold/desktop/providers/banners/slots/banner2780.png]
[nx-cdn.trgwl.com/Images/nexus-beta/dark-gold/desktop/decorations/coins/coin-42780.png]
[nx-cdn.trgwl.com/Images/nexus-beta/dark-gold/desktop/decorations/coins/coin-52780.png]
[nx-cdn.trgwl.com/Images/nexus-beta/dark-gold/desktop/decorations/coins/coin-62780.png]
[nx-cdn.trgwl.com/Images/nexus-beta/dark-gold/desktop/jackpot/background2780.png]
[nx-cdn.trgwl.com/Images/nexus-beta/dark-gold/desktop/providers/tabs/slots/PP2780.png]
[nx-cdn.trgwl.com/Images/nexus-beta/dark-gold/desktop/providers/tabs/slots/PP-active2780.png]
[nx-cdn.trgwl.com/Images/nexus-beta/dark-gold/desktop/providers/tabs/slots/MICROGAMING2780.png]
[nx-cdn.trgwl.com/Images/nexus-beta/dark-gold/desktop/providers/tabs/slots/MICROGAMING-active2780.png]
[nx-cdn.trgwl.com/Images/nexus-beta/dark-gold/desktop/providers/tabs/slots/PGSOFT2780.png]
[nx-cdn.trgwl.com/Images/nexus-beta/dark-gold/desktop/providers/tabs/slots/PGSOFT-active2780.png]
[nx-cdn.trgwl.com/Images/nexus-beta/dark-gold/desktop/providers/tabs/slots/REELKINGDOM2780.png]
[nx-cdn.trgwl.com/Images/nexus-beta/dark-gold/desktop/providers/tabs/slots/REELKINGDOM-active2780.png]
[nx-cdn.trgwl.com/Images/nexus-beta/dark-gold/desktop/providers/tabs/slots/ADVANTPLAY2780.png]
[nx-cdn.trgwl.com/Images/nexus-beta/dark-gold/desktop/providers/tabs/slots/ADVANTPLAY-active2780.png]
[nx-cdn.trgwl.com/Images/nexus-beta/dark-gold/desktop/providers/tabs/slots/CROWDPLAY2780.png]
[nx-cdn.trgwl.com/Images/nexus-beta/dark-gold/desktop/providers/tabs/slots/CROWDPLAY-active2780.png]
[nx-cdn.trgwl.com/Images/nexus-beta/dark-gold/desktop/providers/tabs/slots/AMB2780.png]
[nx-cdn.trgwl.com/Images/nexus-beta/dark-gold/desktop/providers/tabs/slots/AMB-active2780.png]
[nx-cdn.trgwl.com/Images/nexus-beta/dark-gold/desktop/providers/tabs/slots/BIGPOT2780.png]
[nx-cdn.trgwl.com/Images/nexus-beta/dark-gold/desktop/providers/tabs/slots/BIGPOT-active2780.png]
[nx-cdn.trgwl.com/Images/nexus-beta/dark-gold/desktop/providers/tabs/slots/VPOWER2780.png]
[nx-cdn.trgwl.com/Images/nexus-beta/dark-gold/desktop/providers/tabs/slots/VPOWER-active2780.png]
[nx-cdn.trgwl.com/Images/nexus-beta/dark-gold/desktop/providers/tabs/slots/MARIOCLUB2780.png]
[nx-cdn.trgwl.com/Images/nexus-beta/dark-gold/desktop/providers/tabs/slots/MARIOCLUB-active2780.png]
[nx-cdn.trgwl.com/Images/nexus-beta/dark-gold/desktop/providers/tabs/slots/DRAGOONSOFT2780.png]
[nx-cdn.trgwl.com/Images/nexus-beta/dark-gold/desktop/providers/tabs/slots/DRAGOONSOFT-active2780.png]
[nx-cdn.trgwl.com/Images/nexus-beta/dark-gold/desktop/providers/tabs/slots/SLOT882780.png]
[nx-cdn.trgwl.com/Images/nexus-beta/dark-gold/desktop/providers/tabs/slots/SLOT88-active2780.png]
[nx-cdn.trgwl.com/Images/nexus-beta/dark-gold/desktop/providers/tabs/slots/PGS2780.png]
[nx-cdn.trgwl.com/Images/nexus-beta/dark-gold/desktop/providers/tabs/slots/PGS-active2780.png]
[nx-cdn.trgwl.com/Images/nexus-beta/dark-gold/desktop/providers/tabs/slots/JOKER2780.png]
[nx-cdn.trgwl.com/Images/nexus-beta/dark-gold/desktop/providers/tabs/slots/JOKER-active2780.png]
[nx-cdn.trgwl.com/Images/nexus-beta/dark-gold/desktop/providers/tabs/slots/FACHAI2780.png]
[nx-cdn.trgwl.com/Images/nexus-beta/dark-gold/desktop/providers/tabs/slots/FACHAI-active2780.png]
[nx-cdn.trgwl.com/Images/nexus-beta/dark-gold/desktop/providers/tabs/slots/JILI2780.png]
[nx-cdn.trgwl.com/Images/nexus-beta/dark-gold/desktop/providers/tabs/slots/JILI-active2780.png]
[nx-cdn.trgwl.com/Images/nexus-beta/dark-gold/desktop/providers/tabs/slots/LIVE222780.png]
[nx-cdn.trgwl.com/Images/nexus-beta/dark-gold/desktop/providers/tabs/slots/LIVE22-active2780.png]
[nx-cdn.trgwl.com/Images/nexus-beta/dark-gold/desktop/providers/tabs/slots/PLAYSTAR2780.png]
[nx-cdn.trgwl.com/Images/nexus-beta/dark-gold/desktop/providers/tabs/slots/PLAYSTAR-active2780.png]
[nx-cdn.trgwl.com/Images/nexus-beta/dark-gold/desktop/providers/tabs/slots/SPADEGAMING2780.png]
[nx-cdn.trgwl.com/Images/nexus-beta/dark-gold/desktop/providers/tabs/slots/SPADEGAMING-active2780.png]
[nx-cdn.trgwl.com/Images/nexus-beta/dark-gold/desktop/providers/tabs/slots/FUNGAMING2780.png]
[nx-cdn.trgwl.com/Images/nexus-beta/dark-gold/desktop/providers/tabs/slots/FUNGAMING-active2780.png]
[nx-cdn.trgwl.com/Images/nexus-beta/dark-gold/desktop/providers/tabs/slots/HABANERO2780.png]
[nx-cdn.trgwl.com/Images/nexus-beta/dark-gold/desktop/providers/tabs/slots/HABANERO-active2780.png]
[nx-cdn.trgwl.com/Images/nexus-beta/dark-gold/desktop/providers/tabs/slots/JDB2780.png]
[nx-cdn.trgwl.com/Images/nexus-beta/dark-gold/desktop/providers/tabs/slots/JDB-active2780.png]
[nx-cdn.trgwl.com/Images/nexus-beta/dark-gold/desktop/providers/tabs/slots/SBOCQ92780.png]
[nx-cdn.trgwl.com/Images/nexus-beta/dark-gold/desktop/providers/tabs/slots/SBOCQ9-active2780.png]
[nx-cdn.trgwl.com/Images/nexus-beta/dark-gold/desktop/providers/tabs/slots/TTG2780.png]
[nx-cdn.trgwl.com/Images/nexus-beta/dark-gold/desktop/providers/tabs/slots/TTG-active2780.png]
[nx-cdn.trgwl.com/Images/nexus-beta/dark-gold/desktop/providers/tabs/slots/BETSOFT2780.png]
[nx-cdn.trgwl.com/Images/nexus-beta/dark-gold/desktop/providers/tabs/slots/BETSOFT-active2780.png]
[nx-cdn.trgwl.com/Images/nexus-beta/dark-gold/desktop/providers/tabs/slots/PLAYTECH2780.png]
[nx-cdn.trgwl.com/Images/nexus-beta/dark-gold/desktop/providers/tabs/slots/PLAYTECH-active2780.png]
[nx-cdn.trgwl.com/Images/nexus-beta/dark-gold/desktop/providers/tabs/slots/YGGDRASIL2780.png]
[nx-cdn.trgwl.com/Images/nexus-beta/dark-gold/desktop/providers/tabs/slots/YGGDRASIL-active2780.png]
[nx-cdn.trgwl.com/Images/nexus-beta/dark-gold/desktop/providers/tabs/slots/PLAYNGO2780.png]
[nx-cdn.trgwl.com/Images/nexus-beta/dark-gold/desktop/providers/tabs/slots/PLAYNGO-active2780.png]
[nx-cdn.trgwl.com/Images/nexus-beta/dark-gold/desktop/providers/tabs/slots/ONETOUCH2780.png]
[nx-cdn.trgwl.com/Images/nexus-beta/dark-gold/desktop/providers/tabs/slots/ONETOUCH-active2780.png]
[nx-cdn.trgwl.com/Images/nexus-beta/dark-gold/desktop/providers/tabs/slots/SBOREALTIMEGAMING2780.png]
[nx-cdn.trgwl.com/Images/nexus-beta/dark-gold/desktop/providers/tabs/slots/SBOREALTIMEGAMING-active2780.png]
[nx-cdn.trgwl.com/Images/nexus-beta/dark-gold/desktop/providers/tabs/slots/SBOFLOWGAMING2780.png]
[nx-cdn.trgwl.com/Images/nexus-beta/dark-gold/desktop/providers/tabs/slots/SBOFLOWGAMING-active2780.png]
[172.105.124.130/desktop/slots/flow-gaming.html]
[nx-cdn.trgwl.com/Images/nexus-beta/dark-gold/desktop/providers/tabs/slots/ICONICGAMING2780.png]
[nx-cdn.trgwl.com/Images/nexus-beta/dark-gold/desktop/providers/tabs/slots/ICONICGAMING-active2780.png]
[nx-cdn.trgwl.com/Images/nexus-beta/dark-gold/desktop/providers/tabs/slots/SBOFUNKYGAME2780.png]
[nx-cdn.trgwl.com/Images/nexus-beta/dark-gold/desktop/providers/tabs/slots/SBOFUNKYGAME-active2780.png]
[172.105.124.130/desktop/slots/pragmatic.html]
[172.105.124.130/bundles/Slots/nexus-beta-desktop-jsb8e5]
[172.105.124.130/desktop/slots/microgaming.html]
[172.105.124.130/desktop/slots/crowd-play.html]
[172.105.124.130/desktop/slots/pgsoft.html]
[172.105.124.130/desktop/slots/advantplay.html]
[172.105.124.130/desktop/slots/reel-kingdom.html]
[172.105.124.130/slots/pgsoft.html]
[172.105.124.130/slots/live22.html]
[172.105.124.130/slots/joker.html]
[172.105.124.130/slots/advantplay.html]
[172.105.124.130/slots/spade-gaming.html]
[172.105.124.130/slots/gamatron.html]
[172.105.124.130/slots/jdb.html]
[172.105.124.130/slots/playtech.html]
[172.105.124.130/slots/habanero.html]
[172.105.124.130/slots/cq9.html]
[172.105.124.130/slots/yggdrasil.html]
[172.105.124.130/slots/playngo.html]
[172.105.124.130/slots/onetouch.html]
[172.105.124.130/slots/flow-gaming.html]
[172.105.124.130/desktop/slots.html]
[172.105.124.130/desktop/slots/amb-slot.html]
[172.105.124.130/desktop/slots/bigpot.html]
[172.105.124.130/desktop/slots/vpower.html]
[172.105.124.130/desktop/slots/mario-club.html]
[172.105.124.130/desktop/slots/dragoonsoft.html]
[172.105.124.130/desktop/slots/slot88.html]
[172.105.124.130/desktop/slots/ion-slot.html]
[172.105.124.130/desktop/slots/joker.html]
[172.105.124.130/desktop/slots/fachai.html]
[172.105.124.130/desktop/slots/jili.html]
[172.105.124.130/desktop/slots/live22.html]
[172.105.124.130/desktop/slots/playstar.html]
[172.105.124.130/desktop/slots/spade-gaming.html]
[172.105.124.130/desktop/slots/fun-gaming.html]
[172.105.124.130/desktop/slots/habanero.html]
[172.105.124.130/desktop/slots/jdb.html]
[172.105.124.130/desktop/slots/cq9.html]
[172.105.124.130/desktop/slots/ttg.html]
[172.105.124.130/desktop/slots/betsoft.html]
[172.105.124.130/desktop/slots/playtech.html]
[172.105.124.130/slots/astro-tech.html]
[172.105.124.130/desktop/slots/yggdrasil.html]
[172.105.124.130/desktop/slots/playngo.html]
[172.105.124.130/desktop/slots/onetouch.html]
[172.105.124.130/desktop/slots/real-time-gaming.html]
[172.105.124.130/desktop/slots/astro-tech.html]
[172.105.124.130/desktop/slots/funky-games.html]
[nx-cdn.trgwl.com/Images/nexus-beta/dark-gold/desktop/providers/banners/casino/banner2780.jpg]
[nx-cdn.trgwl.com/Images/nexus-beta/dark-gold/desktop/providers/icons/casino/trg2780.png]
[nx-cdn.trgwl.com/Images/nexus-beta/dark-gold/desktop/providers/icons/casino/pplivecasino2780.png]
[nx-cdn.trgwl.com/Images/nexus-beta/dark-gold/desktop/providers/icons/casino/mglivecasino2780.png]
[nx-cdn.trgwl.com/Images/nexus-beta/dark-gold/desktop/providers/icons/casino/evogaming2780.png]
[nx-cdn.trgwl.com/Images/nexus-beta/dark-gold/desktop/providers/icons/casino/sbosexybaccarat2780.png]
[nx-cdn.trgwl.com/Images/nexus-beta/dark-gold/desktop/providers/icons/casino/prettygaming2780.png]
[172.105.124.130/desktop/casino/sexy-baccarat.html]
[nx-cdn.trgwl.com/Images/nexus-beta/dark-gold/desktop/providers/icons/casino/ag2780.png]
[172.105.124.130/desktop/casino/pretty-gaming.html]
[nx-cdn.trgwl.com/Images/nexus-beta/dark-gold/desktop/providers/icons/casino/allbet2780.png]
[172.105.124.130/desktop/casino/asia-gaming.html]
[nx-cdn.trgwl.com/Images/nexus-beta/dark-gold/desktop/providers/icons/casino/pgslive2780.png]
[172.105.124.130/desktop/casino/allbet.html]
[nx-cdn.trgwl.com/Images/nexus-beta/dark-gold/desktop/providers/icons/casino/dreamgaming2780.png]
[172.105.124.130/desktop/casino/pgs-live.html]
[nx-cdn.trgwl.com/Images/nexus-beta/dark-gold/desktop/providers/icons/casino/sbocasino2780.png]
[172.105.124.130/desktop/casino/dream-gaming.html]
[172.105.124.130/desktop/casino/568win.html]
[nx-cdn.trgwl.com/Images/nexus-beta/dark-gold/desktop/providers/icons/casino/sv3882780.png]
[172.105.124.130/desktop/casino/sv388.html]
[172.105.124.130/desktop/casino.html]
[172.105.124.130/casino.html]
[172.105.124.130/Content/Casino/nexus-beta-desktop-css8734.css]
[nx-cdn.trgwl.com/Images/nexus-beta/dark-gold/desktop/providers/banners/casino/pp-live-casino2780.png]
[172.105.124.130/desktop/casino/pragmatic.html]
[172.105.124.130/bundles/Casino/nexus-beta-desktop-js15b9]
[nx-cdn.trgwl.com/Images/nexus-beta/dark-gold/desktop/providers/banners/casino/evo-gaming2780.png]
[172.105.124.130/desktop/casino/evo-gaming.html]
[nx-cdn.trgwl.com/Images/nexus-beta/dark-gold/desktop/providers/banners/sports/banner2780.jpg]
[nx-cdn.trgwl.com/Images/nexus-beta/dark-gold/desktop/providers/icons/sports/sbo2780.png]
[nx-cdn.trgwl.com/Images/nexus-beta/dark-gold/desktop/providers/icons/sports/ibcsports2780.png]
[172.105.124.130/desktop/sport/sbo-sportsbook.html]
[172.105.124.130/desktop/sport/saba-sportsbook.html]
[nx-cdn.trgwl.com/Images/nexus-beta/dark-gold/desktop/providers/icons/sports/opus2780.png]
[nx-cdn.trgwl.com/Images/nexus-beta/dark-gold/desktop/providers/icons/sports/wbet2780.png]
[172.105.124.130/desktop/sport/opus.html]
[172.105.124.130/desktop/sport/wbet.html]
[nx-cdn.trgwl.com/Images/nexus-beta/dark-gold/desktop/providers/icons/sports/pinnacle2780.png]
[nx-cdn.trgwl.com/Images/nexus-beta/dark-gold/desktop/providers/icons/sports/imone2780.png]
[172.105.124.130/desktop/sport/pinnacle.html]
[172.105.124.130/desktop/sport/im-esports.html]
[nx-cdn.trgwl.com/Images/nexus-beta/dark-gold/desktop/providers/icons/sports/pinnacleesports2780.png]
[nx-cdn.trgwl.com/Images/nexus-beta/dark-gold/desktop/providers/icons/sports/tfgaming2780.png]
[172.105.124.130/desktop/sport/pinnacle-esports.html]
[nx-cdn.trgwl.com/Images/nexus-beta/dark-gold/desktop/providers/icons/sports/sbovirtualgames2780.png]
[172.105.124.130/desktop/sport/tf-gaming.html]
[nx-cdn.trgwl.com/Images/nexus-beta/dark-gold/desktop/providers/icons/sports/ppvirtualgames2780.png]
[172.105.124.130/desktop/sport/sbo-virtual-sports.html]
[172.105.124.130/desktop/sport.html]
[172.105.124.130/desktop/sport/pragmatic-virtual-sports.html]
[172.105.124.130/sport.html]
[172.105.124.130/Content/Arcade/nexus-beta-desktop-css5904.css]
[nx-cdn.trgwl.com/Images/nexus-beta/dark-gold/desktop/backgrounds/arcade2780.jpg]
[nx-cdn.trgwl.com/Images/nexus-beta/dark-gold/desktop/providers/banners/arcade/banner2780.png]
[nx-cdn.trgwl.com/Images/nexus-beta/dark-gold/desktop/decorations/coins/coin-12780.png]
[nx-cdn.trgwl.com/Images/nexus-beta/dark-gold/desktop/decorations/coins/coin-22780.png]
[nx-cdn.trgwl.com/Images/nexus-beta/dark-gold/desktop/decorations/coins/coin-32780.png]
[nx-cdn.trgwl.com/Images/nexus-beta/dark-gold/desktop/providers/tabs/arcade/MICROGAMING2780.png]
[nx-cdn.trgwl.com/Images/nexus-beta/dark-gold/desktop/providers/tabs/arcade/MICROGAMING-active2780.png]
[nx-cdn.trgwl.com/Images/nexus-beta/dark-gold/desktop/providers/tabs/arcade/CROWDPLAY2780.png]
[nx-cdn.trgwl.com/Images/nexus-beta/dark-gold/desktop/providers/tabs/arcade/CROWDPLAY-active2780.png]
[nx-cdn.trgwl.com/Images/nexus-beta/dark-gold/desktop/providers/tabs/arcade/JOKER2780.png]
[nx-cdn.trgwl.com/Images/nexus-beta/dark-gold/desktop/providers/tabs/arcade/JOKER-active2780.png]
[nx-cdn.trgwl.com/Images/nexus-beta/dark-gold/desktop/providers/tabs/arcade/FACHAI2780.png]
[nx-cdn.trgwl.com/Images/nexus-beta/dark-gold/desktop/providers/tabs/arcade/FACHAI-active2780.png]
[nx-cdn.trgwl.com/Images/nexus-beta/dark-gold/desktop/providers/tabs/arcade/JILI2780.png]
[nx-cdn.trgwl.com/Images/nexus-beta/dark-gold/desktop/providers/tabs/arcade/JILI-active2780.png]
[nx-cdn.trgwl.com/Images/nexus-beta/dark-gold/desktop/providers/tabs/arcade/AMB2780.png]
[nx-cdn.trgwl.com/Images/nexus-beta/dark-gold/desktop/providers/tabs/arcade/AMB-active2780.png]
[nx-cdn.trgwl.com/Images/nexus-beta/dark-gold/desktop/providers/tabs/arcade/VPOWER2780.png]
[nx-cdn.trgwl.com/Images/nexus-beta/dark-gold/desktop/providers/tabs/arcade/VPOWER-active2780.png]
[nx-cdn.trgwl.com/Images/nexus-beta/dark-gold/desktop/providers/tabs/arcade/MARIOCLUB2780.png]
[nx-cdn.trgwl.com/Images/nexus-beta/dark-gold/desktop/providers/tabs/arcade/MARIOCLUB-active2780.png]
[nx-cdn.trgwl.com/Images/nexus-beta/dark-gold/desktop/providers/tabs/arcade/DRAGOONSOFT2780.png]
[nx-cdn.trgwl.com/Images/nexus-beta/dark-gold/desktop/providers/tabs/arcade/DRAGOONSOFT-active2780.png]
[nx-cdn.trgwl.com/Images/nexus-beta/dark-gold/desktop/providers/tabs/arcade/LIVE222780.png]
[nx-cdn.trgwl.com/Images/nexus-beta/dark-gold/desktop/providers/tabs/arcade/LIVE22-active2780.png]
[nx-cdn.trgwl.com/Images/nexus-beta/dark-gold/desktop/providers/tabs/arcade/SBOCQ92780.png]
[nx-cdn.trgwl.com/Images/nexus-beta/dark-gold/desktop/providers/tabs/arcade/SBOCQ9-active2780.png]
[nx-cdn.trgwl.com/Images/nexus-beta/dark-gold/desktop/providers/tabs/arcade/SPADEGAMING2780.png]
[nx-cdn.trgwl.com/Images/nexus-beta/dark-gold/desktop/providers/tabs/arcade/SPADEGAMING-active2780.png]
[nx-cdn.trgwl.com/Images/nexus-beta/dark-gold/desktop/providers/tabs/arcade/FUNGAMING2780.png]
[nx-cdn.trgwl.com/Images/nexus-beta/dark-gold/desktop/providers/tabs/arcade/FUNGAMING-active2780.png]
[nx-cdn.trgwl.com/Images/nexus-beta/dark-gold/desktop/providers/tabs/arcade/ARCADIA2780.png]
[nx-cdn.trgwl.com/Images/nexus-beta/dark-gold/desktop/providers/tabs/arcade/ARCADIA-active2780.png]
[nx-cdn.trgwl.com/Images/nexus-beta/dark-gold/desktop/providers/tabs/arcade/PLAYSTAR2780.png]
[nx-cdn.trgwl.com/Images/nexus-beta/dark-gold/desktop/providers/tabs/arcade/PLAYSTAR-active2780.png]
[nx-cdn.trgwl.com/Images/nexus-beta/dark-gold/desktop/providers/tabs/arcade/ADVANTPLAYMINIGAME2780.png]
[nx-cdn.trgwl.com/Images/nexus-beta/dark-gold/desktop/providers/tabs/arcade/ADVANTPLAYMINIGAME-active2780.png]
[nx-cdn.trgwl.com/Images/nexus-beta/dark-gold/desktop/providers/tabs/arcade/JDB2780.png]
[nx-cdn.trgwl.com/Images/nexus-beta/dark-gold/desktop/providers/tabs/arcade/JDB-active2780.png]
[nx-cdn.trgwl.com/Images/nexus-beta/dark-gold/desktop/providers/tabs/arcade/ICONICGAMING2780.png]
[nx-cdn.trgwl.com/Images/nexus-beta/dark-gold/desktop/providers/tabs/arcade/ICONICGAMING-active2780.png]
[nx-cdn.trgwl.com/Images/nexus-beta/dark-gold/desktop/providers/tabs/arcade/SBOFUNKYGAME2780.png]
[nx-cdn.trgwl.com/Images/nexus-beta/dark-gold/desktop/providers/tabs/arcade/SBOFUNKYGAME-active2780.png]
[nx-cdn.trgwl.com/Images/nexus-beta/dark-gold/desktop/providers/tabs/arcade/IXTTANGKAS2780.png]
[nx-cdn.trgwl.com/Images/nexus-beta/dark-gold/desktop/providers/tabs/arcade/IXTTANGKAS-active2780.png]
[172.105.124.130/desktop/arcade/mm-tangkas.html]
[172.105.124.130/arcade.html]
[172.105.124.130/desktop/arcade.html]
[172.105.124.130/bundles/Arcade/nexus-beta-desktop-jsc9af]
[172.105.124.130/desktop/arcade/microgaming.html]
[172.105.124.130/desktop/arcade/crowd-play.html]
[172.105.124.130/desktop/arcade/joker.html]
[172.105.124.130/desktop/arcade/fachai.html]
[172.105.124.130/desktop/arcade/jili.html]
[172.105.124.130/desktop/arcade/amb-slot.html]
[172.105.124.130/desktop/arcade/vpower.html]
[172.105.124.130/desktop/arcade/mario-club.html]
[172.105.124.130/desktop/arcade/dragoonsoft.html]
[172.105.124.130/desktop/arcade/live22.html]
[172.105.124.130/desktop/arcade/cq9.html]
[172.105.124.130/desktop/arcade/spade-gaming.html]
[172.105.124.130/desktop/arcade/fun-gaming.html]
[172.105.124.130/desktop/arcade/arcadia.html]
[172.105.124.130/desktop/arcade/playstar.html]
[172.105.124.130/desktop/arcade/advantplay-mini-game.html]
[172.105.124.130/desktop/arcade/jdb.html]
[172.105.124.130/desktop/arcade/astro-tech.html]
[172.105.124.130/desktop/arcade/funky-games.html]
[nx-cdn.trgwl.com/Images/nexus-beta/dark-gold/desktop/providers/banners/poker/banner2780.jpg]
[nx-cdn.trgwl.com/Images/nexus-beta/dark-gold/desktop/providers/icons/poker/g8poker2780.png]
[nx-cdn.trgwl.com/Images/nexus-beta/dark-gold/desktop/providers/icons/poker/onepoker2780.png]
[172.105.124.130/desktop/poker/9gaming.html]
[172.105.124.130/desktop/poker.html]
[nx-cdn.trgwl.com/Images/nexus-beta/dark-gold/desktop/providers/banners/others/banner2780.jpg]
[nx-cdn.trgwl.com/Images/nexus-beta/dark-gold/desktop/providers/icons/others/balak4d2780.png]
[172.105.124.130/desktop/others.html]
[172.105.124.130/others.html]
[172.105.124.130/Content/Promotions/nexus-beta-desktop-cssfe3c.css]
[nx-cdn.trgwl.com/Images/nexus-beta/dark-gold/desktop/promotions/category-sprite2780.png]
[172.105.124.130/desktop/promotion/sports.html]
[172.105.124.130/desktop/promotion/slots.html]
[api2-dus.tr8n2games.com/images/id_promo_b92c8181-854d-4d0e-a2b2-545b7b38e486_1667203163727.jpg]
[api2-dus.tr8n2games.com/images/id_promo_359fa487-25d0-4a65-97cb-9476fae9a17c_1667203200743.jpg]
[api2-dus.tr8n2games.com/images/id_promo_9c970be5-d9b4-49fe-a0f4-2d1b94a9cae8_1667203204743.jpg]
[172.105.124.130/desktop/promotion.html]
[172.105.124.130/slots/pragmatic.html]
[172.105.124.130/slots/microgaming.html]
[172.105.124.130/casino/pragmatic.html]
[nx-cdn.trgwl.com/Images/nexus-beta/dark-gold/desktop/backgrounds/casino/mglive2780.jpg]
[nx-cdn.trgwl.com/Images/nexus-beta/dark-gold/desktop/decorations/dices/dice-12780.png]
[nx-cdn.trgwl.com/Images/nexus-beta/dark-gold/desktop/decorations/chips/chip-42780.png]
[nx-cdn.trgwl.com/Images/nexus-beta/dark-gold/desktop/decorations/dices/dice-22780.png]
[172.105.124.130/casino/mg-live.html]
[172.105.124.130/slots/ion-slot.html]
[172.105.124.130/slots.html]
[172.105.124.130/slots/slot88.html]
[172.105.124.130/fonts/glyphicons-halflings-regular.svg]
[172.105.124.130/Content/Home/nexus-beta-mobile-cssea18.css]
[172.105.124.130/Content/Theme/nexus-beta-mobile-dark-gold-css4833.css]
[172.105.124.130/Content/nexus-beta-mobile-css51f3.css]
[172.105.124.130/Content/Account/nexus-beta-mobile-login-panel-css544b.css]
[172.105.124.130/mobile/forgot-password.html]
[172.105.124.130/bundles/nexus-beta-mobile-js54f8]
[172.105.124.130/mobile/url(/nx-cdn.trgwl.com/Images/nexus-beta/dark-gold/mobile/layout/login/backgroundd477.jpg]
[172.105.124.130/mobile/login.html]
[172.105.124.130/Content/Register/nexus-beta-mobile-css1608.css]
[172.105.124.130/bundles/Register/page-js7e80]
[172.105.124.130/mobile/register.html]
[172.105.124.130/bundles/Slots/nexus-beta-mobile-js5c25]
[172.105.124.130/mobile/slots/pragmatic.html]
[172.105.124.130/mobile/slots/microgaming.html]
[172.105.124.130/bundles/Casino/nexus-beta-mobile-jsb0b7]
[172.105.124.130/mobile/casino/pragmatic.html]
[nx-cdn.trgwl.com/Images/nexus-beta/dark-gold/mobile/providers/banners/casino/mglive2780.jpg]
[172.105.124.130/mobile/casino/mg-live.html]
[172.105.124.130/mobile/slots/ion-slot.html]
[nx-cdn.trgwl.com/Images/nexus-beta/dark-gold/mobile/providers/shortcuts/pp2780.png]
[nx-cdn.trgwl.com/Images/nexus-beta/dark-gold/mobile/providers/shortcuts/trg2780.png]
[172.105.124.130/mobile/casino/ion-casino.html]
[nx-cdn.trgwl.com/Images/nexus-beta/dark-gold/mobile/providers/shortcuts/microgaming2780.png]
[nx-cdn.trgwl.com/Images/nexus-beta/dark-gold/mobile/providers/shortcuts/crowdplay2780.png]
[nx-cdn.trgwl.com/Images/nexus-beta/dark-gold/mobile/providers/shortcuts/pgsoft2780.png]
[nx-cdn.trgwl.com/Images/nexus-beta/dark-gold/mobile/providers/shortcuts/advantplay2780.png]
[nx-cdn.trgwl.com/Images/nexus-beta/dark-gold/mobile/providers/shortcuts/reelkingdom2780.png]
[nx-cdn.trgwl.com/Images/nexus-beta/dark-gold/mobile/providers/shortcuts/g8poker2780.png]
[172.105.124.130/mobile/poker/balak-play.html]
[nx-cdn.trgwl.com/Images/nexus-beta/dark-gold/mobile/providers/shortcuts/balak4d2780.png]
[172.105.124.130/mobile/others/nex-4d.html]
[172.105.124.130/mobile/hot-games.html]
[nx-cdn.trgwl.com/Images/nexus-beta/dark-gold/mobile/providers/banners/slots/banner2780.jpg]
[nx-cdn.trgwl.com/Images/nexus-beta/dark-gold/mobile/providers/shortcuts/amb2780.png]
[nx-cdn.trgwl.com/Images/nexus-beta/dark-gold/mobile/providers/shortcuts/bigpot2780.png]
[nx-cdn.trgwl.com/Images/nexus-beta/dark-gold/mobile/providers/shortcuts/vpower2780.png]
[nx-cdn.trgwl.com/Images/nexus-beta/dark-gold/mobile/providers/shortcuts/marioclub2780.png]
[nx-cdn.trgwl.com/Images/nexus-beta/dark-gold/mobile/providers/shortcuts/dragoonsoft2780.png]
[nx-cdn.trgwl.com/Images/nexus-beta/dark-gold/mobile/providers/shortcuts/slot882780.png]
[nx-cdn.trgwl.com/Images/nexus-beta/dark-gold/mobile/providers/shortcuts/pgs2780.png]
[nx-cdn.trgwl.com/Images/nexus-beta/dark-gold/mobile/providers/shortcuts/joker2780.png]
[nx-cdn.trgwl.com/Images/nexus-beta/dark-gold/mobile/providers/shortcuts/fachai2780.png]
[nx-cdn.trgwl.com/Images/nexus-beta/dark-gold/mobile/providers/shortcuts/jili2780.png]
[nx-cdn.trgwl.com/Images/nexus-beta/dark-gold/mobile/providers/shortcuts/live222780.png]
[nx-cdn.trgwl.com/Images/nexus-beta/dark-gold/mobile/providers/shortcuts/playstar2780.png]
[nx-cdn.trgwl.com/Images/nexus-beta/dark-gold/mobile/providers/shortcuts/spadegaming2780.png]
[nx-cdn.trgwl.com/Images/nexus-beta/dark-gold/mobile/providers/shortcuts/fungaming2780.png]
[nx-cdn.trgwl.com/Images/nexus-beta/dark-gold/mobile/providers/shortcuts/habanero2780.png]
[nx-cdn.trgwl.com/Images/nexus-beta/dark-gold/mobile/providers/shortcuts/jdb2780.png]
[nx-cdn.trgwl.com/Images/nexus-beta/dark-gold/mobile/providers/shortcuts/sbocq92780.png]
[nx-cdn.trgwl.com/Images/nexus-beta/dark-gold/mobile/providers/shortcuts/ttg2780.png]
[nx-cdn.trgwl.com/Images/nexus-beta/dark-gold/mobile/providers/shortcuts/betsoft2780.png]
[nx-cdn.trgwl.com/Images/nexus-beta/dark-gold/mobile/providers/shortcuts/playtech2780.png]
[nx-cdn.trgwl.com/Images/nexus-beta/dark-gold/mobile/providers/shortcuts/yggdrasil2780.png]
[nx-cdn.trgwl.com/Images/nexus-beta/dark-gold/mobile/providers/shortcuts/playngo2780.png]
[nx-cdn.trgwl.com/Images/nexus-beta/dark-gold/mobile/providers/shortcuts/onetouch2780.png]
[nx-cdn.trgwl.com/Images/nexus-beta/dark-gold/mobile/providers/shortcuts/sborealtimegaming2780.png]
[nx-cdn.trgwl.com/Images/nexus-beta/dark-gold/mobile/providers/shortcuts/sboflowgaming2780.png]
[172.105.124.130/mobile/slots/flow-gaming.html]
[nx-cdn.trgwl.com/Images/nexus-beta/dark-gold/mobile/providers/shortcuts/iconicgaming2780.png]
[nx-cdn.trgwl.com/Images/nexus-beta/dark-gold/mobile/providers/shortcuts/sbofunkygame2780.png]
[172.105.124.130/mobile/slots.html]
[nx-cdn.trgwl.com/Images/nexus-beta/dark-gold/mobile/providers/banners/casino/banner2780.jpg]
[nx-cdn.trgwl.com/Images/nexus-beta/dark-gold/mobile/providers/shortcuts/pplivecasino2780.png]
[nx-cdn.trgwl.com/Images/nexus-beta/dark-gold/mobile/providers/shortcuts/mglivecasino2780.png]
[nx-cdn.trgwl.com/Images/nexus-beta/dark-gold/mobile/providers/shortcuts/evogaming2780.png]
[nx-cdn.trgwl.com/Images/nexus-beta/dark-gold/mobile/providers/shortcuts/sbosexybaccarat2780.png]
[172.105.124.130/mobile/casino/sexy-baccarat.html]
[nx-cdn.trgwl.com/Images/nexus-beta/dark-gold/mobile/providers/shortcuts/prettygaming2780.png]
[172.105.124.130/mobile/casino/pretty-gaming.html]
[nx-cdn.trgwl.com/Images/nexus-beta/dark-gold/mobile/providers/shortcuts/ag2780.png]
[172.105.124.130/mobile/casino/asia-gaming.html]
[nx-cdn.trgwl.com/Images/nexus-beta/dark-gold/mobile/providers/shortcuts/allbet2780.png]
[172.105.124.130/mobile/casino/allbet.html]
[nx-cdn.trgwl.com/Images/nexus-beta/dark-gold/mobile/providers/shortcuts/pgslive2780.png]
[172.105.124.130/mobile/casino/pgs-live.html]
[nx-cdn.trgwl.com/Images/nexus-beta/dark-gold/mobile/providers/shortcuts/dreamgaming2780.png]
[172.105.124.130/mobile/casino/dream-gaming.html]
[nx-cdn.trgwl.com/Images/nexus-beta/dark-gold/mobile/providers/shortcuts/sbocasino2780.png]
[172.105.124.130/mobile/casino/568win.html]
[nx-cdn.trgwl.com/Images/nexus-beta/dark-gold/mobile/providers/shortcuts/sv3882780.png]
[172.105.124.130/mobile/casino/sv388.html]
[172.105.124.130/mobile/casino.html]
[nx-cdn.trgwl.com/Images/nexus-beta/dark-gold/mobile/providers/banners/sports/banner2780.jpg]
[nx-cdn.trgwl.com/Images/nexus-beta/dark-gold/mobile/providers/shortcuts/sbo2780.png]
[172.105.124.130/mobile/sport/sbo-sportsbook.html]
[nx-cdn.trgwl.com/Images/nexus-beta/dark-gold/mobile/providers/shortcuts/ibcsports2780.png]
[172.105.124.130/mobile/sport/saba-sportsbook.html]
[nx-cdn.trgwl.com/Images/nexus-beta/dark-gold/mobile/providers/shortcuts/opus2780.png]
[172.105.124.130/mobile/sport/opus.html]
[nx-cdn.trgwl.com/Images/nexus-beta/dark-gold/mobile/providers/shortcuts/wbet2780.png]
[172.105.124.130/mobile/sport/wbet.html]
[nx-cdn.trgwl.com/Images/nexus-beta/dark-gold/mobile/providers/shortcuts/pinnacle2780.png]
[172.105.124.130/mobile/sport/pinnacle.html]
[nx-cdn.trgwl.com/Images/nexus-beta/dark-gold/mobile/providers/shortcuts/imone2780.png]
[172.105.124.130/mobile/sport/im-esports.html]
[nx-cdn.trgwl.com/Images/nexus-beta/dark-gold/mobile/providers/shortcuts/pinnacleesports2780.png]
[172.105.124.130/mobile/sport/pinnacle-esports.html]
[nx-cdn.trgwl.com/Images/nexus-beta/dark-gold/mobile/providers/shortcuts/tfgaming2780.png]
[172.105.124.130/mobile/sport/tf-gaming.html]
[nx-cdn.trgwl.com/Images/nexus-beta/dark-gold/mobile/providers/shortcuts/sbovirtualgames2780.png]
[172.105.124.130/mobile/sport/sbo-virtual-sports.html]
[nx-cdn.trgwl.com/Images/nexus-beta/dark-gold/mobile/providers/shortcuts/ppvirtualgames2780.png]
[172.105.124.130/mobile/sport/pragmatic-virtual-sports.html]
[172.105.124.130/mobile/sport.html]
[nx-cdn.trgwl.com/Images/nexus-beta/dark-gold/mobile/providers/banners/arcade/banner2780.jpg]
[nx-cdn.trgwl.com/Images/nexus-beta/dark-gold/mobile/providers/shortcuts/microgamingfishing2780.png]
[nx-cdn.trgwl.com/Images/nexus-beta/dark-gold/mobile/providers/shortcuts/crowdplayfishing2780.png]
[nx-cdn.trgwl.com/Images/nexus-beta/dark-gold/mobile/providers/shortcuts/jokerfishing2780.png]
[nx-cdn.trgwl.com/Images/nexus-beta/dark-gold/mobile/providers/shortcuts/fachaifishing2780.png]
[nx-cdn.trgwl.com/Images/nexus-beta/dark-gold/mobile/providers/shortcuts/jilifishing2780.png]
[nx-cdn.trgwl.com/Images/nexus-beta/dark-gold/mobile/providers/shortcuts/ambfishing2780.png]
[nx-cdn.trgwl.com/Images/nexus-beta/dark-gold/mobile/providers/shortcuts/vpowerfishing2780.png]
[nx-cdn.trgwl.com/Images/nexus-beta/dark-gold/mobile/providers/shortcuts/marioclubfishing2780.png]
[nx-cdn.trgwl.com/Images/nexus-beta/dark-gold/mobile/providers/shortcuts/dragoonsoftfishing2780.png]
[nx-cdn.trgwl.com/Images/nexus-beta/dark-gold/mobile/providers/shortcuts/live22fishing2780.png]
[nx-cdn.trgwl.com/Images/nexus-beta/dark-gold/mobile/providers/shortcuts/sbocq9fishing2780.png]
[nx-cdn.trgwl.com/Images/nexus-beta/dark-gold/mobile/providers/shortcuts/spadegamingfishing2780.png]
[nx-cdn.trgwl.com/Images/nexus-beta/dark-gold/mobile/providers/shortcuts/fungamingfishing2780.png]
[nx-cdn.trgwl.com/Images/nexus-beta/dark-gold/mobile/providers/shortcuts/arcadia2780.png]
[nx-cdn.trgwl.com/Images/nexus-beta/dark-gold/mobile/providers/shortcuts/playstarfishing2780.png]
[nx-cdn.trgwl.com/Images/nexus-beta/dark-gold/mobile/providers/shortcuts/advantplayminigame2780.png]
[nx-cdn.trgwl.com/Images/nexus-beta/dark-gold/mobile/providers/shortcuts/jdbfishing2780.png]
[nx-cdn.trgwl.com/Images/nexus-beta/dark-gold/mobile/providers/shortcuts/iconicgamingfishing2780.png]
[nx-cdn.trgwl.com/Images/nexus-beta/dark-gold/mobile/providers/shortcuts/sbofunkygamefishing2780.png]
[nx-cdn.trgwl.com/Images/nexus-beta/dark-gold/mobile/providers/shortcuts/ixttangkas2780.png]
[172.105.124.130/mobile/arcade/mm-tangkas.html]
[172.105.124.130/mobile/arcade.html]
[nx-cdn.trgwl.com/Images/nexus-beta/dark-gold/mobile/providers/banners/poker/banner2780.jpg]
[nx-cdn.trgwl.com/Images/nexus-beta/dark-gold/mobile/providers/shortcuts/onepoker2780.png]
[172.105.124.130/mobile/poker.html]
[nx-cdn.trgwl.com/Images/nexus-beta/dark-gold/mobile/providers/banners/others/banner2780.jpg]
[172.105.124.130/mobile/others.html]
[172.105.124.130/mobile/poker/9gaming.html]
[172.105.124.130/Content/InfoCenter/nexus-beta-mobile-css95a9.css]
[172.105.124.130/mobile/about-us.html]
[172.105.124.130/mobile/responsible-gaming.html]
[172.105.124.130/not-found9e54]
[172.105.124.130/mobile/faq.html]
[172.105.124.130/mobile/terms-of-use.html]
[172.105.124.130/Content/Promotions/nexus-beta-mobile-css35e6.css]
[172.105.124.130/mobile/promotion/sports.html]
[172.105.124.130/mobile/promotion/slots.html]
[172.105.124.130/mobile/promotion/details/b92c8181-854d-4d0e-a2b2-545b7b38e486.html]
[172.105.124.130/mobile/promotion/details/359fa487-25d0-4a65-97cb-9476fae9a17c.html]
[172.105.124.130/mobile/promotion.html]
[172.105.124.130/mobile/promotion/details/9c970be5-d9b4-49fe-a0f4-2d1b94a9cae8.html]
[172.105.124.130/Content/ContactUs/nexus-beta-mobile-css94db.css]
[172.105.124.130/mobile/contact-us.html]
[172.105.124.130/mobile/slots/crowd-play.html]
[172.105.124.130/mobile/slots/pgsoft.html]
[172.105.124.130/mobile/slots/advantplay.html]
[172.105.124.130/mobile/slots/reel-kingdom.html]
[172.105.124.130/mobile/slots/amb-slot.html]
[172.105.124.130/mobile/slots/bigpot.html]
[172.105.124.130/mobile/slots/vpower.html]
[172.105.124.130/mobile/slots/mario-club.html]
[172.105.124.130/mobile/slots/dragoonsoft.html]
[172.105.124.130/mobile/slots/slot88.html]
[172.105.124.130/mobile/slots/joker.html]
[172.105.124.130/mobile/slots/fachai.html]
[172.105.124.130/mobile/slots/jili.html]
[172.105.124.130/mobile/slots/live22.html]
[172.105.124.130/mobile/slots/playstar.html]
[172.105.124.130/mobile/slots/spade-gaming.html]
[172.105.124.130/mobile/slots/fun-gaming.html]
[172.105.124.130/mobile/slots/habanero.html]
[172.105.124.130/mobile/slots/jdb.html]
[172.105.124.130/mobile/slots/cq9.html]
[172.105.124.130/mobile/slots/ttg.html]
[172.105.124.130/mobile/slots/betsoft.html]
[172.105.124.130/mobile/slots/playtech.html]
[172.105.124.130/mobile/slots/yggdrasil.html]
[172.105.124.130/mobile/slots/playngo.html]
[172.105.124.130/mobile/slots/onetouch.html]
[172.105.124.130/mobile/slots/real-time-gaming.html]
[172.105.124.130/mobile/slots/astro-tech.html]
[172.105.124.130/mobile/slots/funky-games.html]
[172.105.124.130/mobile/casino/evo-gaming.html]
[172.105.124.130/bundles/Arcade/nexus-beta-mobile-js5cb1]
[172.105.124.130/mobile/arcade/microgaming.html]
[172.105.124.130/mobile/arcade/crowd-play.html]
[172.105.124.130/mobile/arcade/joker.html]
[172.105.124.130/mobile/arcade/fachai.html]
[172.105.124.130/mobile/arcade/jili.html]
[172.105.124.130/mobile/arcade/amb-slot.html]
[172.105.124.130/mobile/arcade/vpower.html]
[172.105.124.130/mobile/arcade/mario-club.html]
[172.105.124.130/mobile/arcade/dragoonsoft.html]
[172.105.124.130/mobile/arcade/live22.html]
[172.105.124.130/mobile/arcade/cq9.html]
[172.105.124.130/mobile/arcade/spade-gaming.html]
[172.105.124.130/mobile/arcade/fun-gaming.html]
[172.105.124.130/mobile/arcade/arcadia.html]
[172.105.124.130/mobile/arcade/playstar.html]
[172.105.124.130/mobile/arcade/advantplay-mini-game.html]
[172.105.124.130/mobile/arcade/jdb.html]
[172.105.124.130/mobile/arcade/astro-tech.html]
[172.105.124.130/mobile/arcade/funky-games.html]
[172.105.124.130/desktop/casino/mg-live.html]
[nx-cdn.trgwl.com/Images/nexus-beta/dark-gold/desktop/backgrounds/casino/trg2780.jpg]
[172.105.124.130/desktop/casino/ion-casino.html]
[172.105.124.130/Content/Poker/nexus-beta-desktop-css04da.css]
[nx-cdn.trgwl.com/Images/nexus-beta/dark-gold/desktop/backgrounds/poker2780.jpg]
[nx-cdn.trgwl.com/Images/nexus-beta/dark-gold/desktop/providers/banners/poker/balak-play2780.png]
[nx-cdn.trgwl.com/Images/nexus-beta/dark-gold/desktop/decorations/chips/chip-12780.png]
[nx-cdn.trgwl.com/Images/nexus-beta/dark-gold/desktop/decorations/chips/chip-22780.png]
[nx-cdn.trgwl.com/Images/nexus-beta/dark-gold/desktop/decorations/chips/chip-32780.png]
[172.105.124.130/desktop/poker/balak-play.html]
[172.105.124.130/Content/Others/nexus-beta-desktop-css3ae0.css]
[nx-cdn.trgwl.com/Images/nexus-beta/dark-gold/desktop/backgrounds/others2780.jpg]
[nx-cdn.trgwl.com/Images/nexus-beta/dark-gold/desktop/providers/banners/others/balak4d2780.png]
[nx-cdn.trgwl.com/Images/nexus-beta/dark-gold/desktop/decorations/balls/ball-12780.png]
[nx-cdn.trgwl.com/Images/nexus-beta/dark-gold/desktop/decorations/balls/ball-22780.png]
[nx-cdn.trgwl.com/Images/nexus-beta/dark-gold/desktop/decorations/balls/ball-32780.png]
[nx-cdn.trgwl.com/Images/nexus-beta/dark-gold/desktop/decorations/balls/ball-42780.png]
[172.105.124.130/desktop/others/nex-4d.html]
[172.105.124.130/Content/Slots/nexus-beta-desktop-css7665.css]
[nx-cdn.trgwl.com/Images/nexus-beta/dark-gold/desktop/providers/icons/slots/sboflowgaming2780.jpg]
[172.105.124.130/desktop/slots/flow-gaming.html]
[cdn4.uzone.id/assets/uploads/uzone_prime/favicon.gif]
[internetpositif.id/assets/bootstrap-5.2.3-dist/css/bootstrap.min.css]
[cdn4.uzone.id/assets/uploads/wp/header.gif]
[cdn.jsdelivr.net/npm/axios/dist/axios.min.js]
[code.jquery.com/jquery-3.6.0.min.js]
[jsc.mgid.com/i/n/internetpositif.id.1224345.js]
[seputarcafeslot99.com/wp-content/uploads/2022/02/Daftar-Bocoran-Situs-Slot-Gacor-Pragmatic-Play-Gampang-Menang-Hari-ini-300x225.html]
[jsc.mgid.com/i/n/internetpositif.id.1410228.js]
[172.105.124.130/slots/pgsoft.html]
[172.105.124.130/slots/live22.html]
[172.105.124.130/slots/joker.html]
[172.105.124.130/slots/advantplay.html]
[172.105.124.130/slots/spade-gaming.html]
[172.105.124.130/slots/gamatron.html]
[172.105.124.130/slots/jdb.html]
[172.105.124.130/slots/playtech.html]
[172.105.124.130/slots/habanero.html]
[172.105.124.130/slots/cq9.html]
[172.105.124.130/slots/yggdrasil.html]
[172.105.124.130/slots/playngo.html]
[172.105.124.130/slots/onetouch.html]
[172.105.124.130/slots/flow-gaming.html]
[172.105.124.130/slots/astro-tech.html]
[nx-cdn.trgwl.com/Images/nexus-beta/dark-gold/desktop/backgrounds/casino/sexy-baccarat2780.jpg]
[nx-cdn.trgwl.com/Images/nexus-beta/dark-gold/desktop/decorations/cards/card-32780.png]
[nx-cdn.trgwl.com/Images/nexus-beta/dark-gold/desktop/decorations/cards/card-42780.png]
[172.105.124.130/desktop/casino/sexy-baccarat.html]
[nx-cdn.trgwl.com/Images/nexus-beta/dark-gold/desktop/backgrounds/casino/pretty-gaming2780.jpg]
[nx-cdn.trgwl.com/Images/nexus-beta/dark-gold/desktop/decorations/cards/card-12780.png]
[nx-cdn.trgwl.com/Images/nexus-beta/dark-gold/desktop/decorations/cards/card-22780.png]
[172.105.124.130/desktop/casino/pretty-gaming.html]
[nx-cdn.trgwl.com/Images/nexus-beta/dark-gold/desktop/backgrounds/casino/ag2780.jpg]
[172.105.124.130/desktop/casino/asia-gaming.html]
[nx-cdn.trgwl.com/Images/nexus-beta/dark-gold/desktop/backgrounds/casino/allbet2780.jpg]
[172.105.124.130/desktop/casino/allbet.html]
[nx-cdn.trgwl.com/Images/nexus-beta/dark-gold/desktop/backgrounds/casino/pgslive2780.jpg]
[172.105.124.130/desktop/casino/pgs-live.html]
[nx-cdn.trgwl.com/Images/nexus-beta/dark-gold/desktop/backgrounds/casino/dreamgaming2780.jpg]
[172.105.124.130/desktop/casino/dream-gaming.html]
[nx-cdn.trgwl.com/Images/nexus-beta/dark-gold/desktop/backgrounds/casino/sbo2780.jpg]
[172.105.124.130/desktop/casino/568win.html]
[nx-cdn.trgwl.com/Images/nexus-beta/dark-gold/desktop/backgrounds/casino/sv3882780.jpg]
[172.105.124.130/desktop/casino/sv388.html]
[172.105.124.130/casino.html]
[172.105.124.130/Content/Casino/nexus-beta-desktop-css8734.css]
[172.105.124.130/Content/Sports/nexus-beta-desktop-css3eb2.css]
[nx-cdn.trgwl.com/Images/nexus-beta/dark-gold/desktop/backgrounds/sports2780.jpg]
[nx-cdn.trgwl.com/Images/nexus-beta/dark-gold/desktop/providers/banners/sports/sbo2780.png]
[172.105.124.130/bundles/Sports/nexus-beta-desktop-jsb9d1]
[172.105.124.130/desktop/sport/sbo-sportsbook.html]
[nx-cdn.trgwl.com/Images/nexus-beta/dark-gold/desktop/providers/banners/sports/ibcsports2780.png]
[172.105.124.130/desktop/sport/saba-sportsbook.html]
[nx-cdn.trgwl.com/Images/nexus-beta/dark-gold/desktop/providers/banners/sports/opus2780.png]
[172.105.124.130/desktop/sport/opus.html]
[nx-cdn.trgwl.com/Images/nexus-beta/dark-gold/desktop/providers/banners/sports/wbet2780.png]
[172.105.124.130/desktop/sport/wbet.html]
[nx-cdn.trgwl.com/Images/nexus-beta/dark-gold/desktop/providers/banners/sports/pinnacle2780.png]
[172.105.124.130/desktop/sport/pinnacle.html]
[nx-cdn.trgwl.com/Images/nexus-beta/dark-gold/desktop/providers/banners/sports/im-esports2780.png]
[172.105.124.130/desktop/sport/im-esports.html]
[nx-cdn.trgwl.com/Images/nexus-beta/dark-gold/desktop/providers/banners/sports/pinnacle-esports2780.png]
[172.105.124.130/desktop/sport/pinnacle-esports.html]
[nx-cdn.trgwl.com/Images/nexus-beta/dark-gold/desktop/providers/banners/sports/tfgaming2780.png]
[172.105.124.130/desktop/sport/tf-gaming.html]
[nx-cdn.trgwl.com/Images/nexus-beta/dark-gold/desktop/providers/banners/sports/sbovirtualgames2780.png]
[172.105.124.130/desktop/sport/sbo-virtual-sports.html]
[nx-cdn.trgwl.com/Images/nexus-beta/dark-gold/desktop/providers/banners/sports/ppvirtualgames2780.png]
[172.105.124.130/desktop/sport/pragmatic-virtual-sports.html]
[172.105.124.130/sport.html]
[172.105.124.130/Content/Arcade/nexus-beta-desktop-css5904.css]
[nx-cdn.trgwl.com/Images/nexus-beta/dark-gold/desktop/providers/icons/arcade/ixttangkas2780.jpg]
[172.105.124.130/desktop/arcade/mm-tangkas.html]
[172.105.124.130/arcade.html]
[nx-cdn.trgwl.com/Images/nexus-beta/dark-gold/desktop/providers/banners/poker/1gaming2780.png]
[nx-cdn.trgwl.com/Images/nexus-beta/dark-gold/desktop/decorations/cards/card-52780.png]
[nx-cdn.trgwl.com/Images/nexus-beta/dark-gold/desktop/decorations/cards/card-62780.png]
[nx-cdn.trgwl.com/Images/nexus-beta/dark-gold/desktop/decorations/cards/card-72780.png]
[172.105.124.130/desktop/poker/9gaming.html]
[172.105.124.130/others.html]
[172.105.124.130/Content/Promotions/nexus-beta-desktop-cssfe3c.css]
[172.105.124.130/desktop/promotion/sports.html]
[172.105.124.130/desktop/promotion/slots.html]
[172.105.124.130/Content/nexus-beta-mobile-css51f3.css]
[172.105.124.130/Content/Account/nexus-beta-mobile-login-panel-css544b.css]
[172.105.124.130/desktop/promotion/DUNIASLOT88.html]
[172.105.124.130/Content/Account/nexus-beta-forgot-password-css7880.css]
[172.105.124.130/bundles/forgot-password-jse62d]
[172.105.124.130/mobile/forgot-password.html]
[172.105.124.130/mobile/url(/nx-cdn.trgwl.com/Images/nexus-beta/dark-gold/mobile/layout/login/backgroundd477.html]
[172.105.124.130/Content/Register/nexus-beta-mobile-css1608.css]
[nx-cdn.trgwl.com/Images/nexus-beta/dark-gold/mobile/providers/banners/casino/trg2780.jpg]
[172.105.124.130/mobile/casino/ion-casino.html]
[nx-cdn.trgwl.com/Images/nexus-beta/dark-gold/mobile/providers/banners/poker/g8poker2780.jpg]
[172.105.124.130/mobile/poker/balak-play.html]
[nx-cdn.trgwl.com/Images/nexus-beta/dark-gold/mobile/providers/banners/others/balak4d2780.jpg]
[172.105.124.130/mobile/others/nex-4d.html]
[nx-cdn.trgwl.com/Images/nexus-beta/dark-gold/mobile/providers/banners/slots/sboflowgaming2780.jpg]
[172.105.124.130/mobile/slots/flow-gaming.html]
[nx-cdn.trgwl.com/Images/nexus-beta/dark-gold/mobile/providers/banners/casino/sbosexybaccarat2780.jpg]
[172.105.124.130/mobile/casino/sexy-baccarat.html]
[nx-cdn.trgwl.com/Images/nexus-beta/dark-gold/mobile/providers/banners/casino/prettygaming2780.jpg]
[172.105.124.130/mobile/casino/pretty-gaming.html]
[nx-cdn.trgwl.com/Images/nexus-beta/dark-gold/mobile/providers/banners/casino/ag2780.jpg]
[172.105.124.130/mobile/casino/asia-gaming.html]
[nx-cdn.trgwl.com/Images/nexus-beta/dark-gold/mobile/providers/banners/casino/allbet2780.jpg]
[172.105.124.130/mobile/casino/allbet.html]
[nx-cdn.trgwl.com/Images/nexus-beta/dark-gold/mobile/providers/banners/casino/pgslive2780.jpg]
[172.105.124.130/mobile/casino/pgs-live.html]
[nx-cdn.trgwl.com/Images/nexus-beta/dark-gold/mobile/providers/banners/casino/dreamgaming2780.jpg]
[172.105.124.130/mobile/casino/dream-gaming.html]
[nx-cdn.trgwl.com/Images/nexus-beta/dark-gold/mobile/providers/banners/casino/sbocasino2780.jpg]
[172.105.124.130/mobile/casino/568win.html]
[nx-cdn.trgwl.com/Images/nexus-beta/dark-gold/mobile/providers/banners/casino/sv3882780.jpg]
[172.105.124.130/mobile/casino/sv388.html]
[nx-cdn.trgwl.com/Images/nexus-beta/dark-gold/mobile/providers/banners/sports/sbo2780.jpg]
[172.105.124.130/mobile/sport/sbo-sportsbook.html]
[nx-cdn.trgwl.com/Images/nexus-beta/dark-gold/mobile/providers/banners/sports/ibcsports2780.jpg]
[172.105.124.130/mobile/sport/saba-sportsbook.html]
[nx-cdn.trgwl.com/Images/nexus-beta/dark-gold/mobile/providers/banners/sports/opus2780.jpg]
[172.105.124.130/mobile/sport/opus.html]
[nx-cdn.trgwl.com/Images/nexus-beta/dark-gold/mobile/providers/banners/sports/wbet2780.jpg]
[172.105.124.130/mobile/sport/wbet.html]
[nx-cdn.trgwl.com/Images/nexus-beta/dark-gold/mobile/providers/banners/sports/pinnacle2780.jpg]
[172.105.124.130/mobile/sport/pinnacle.html]
[nx-cdn.trgwl.com/Images/nexus-beta/dark-gold/mobile/providers/banners/sports/im-esports2780.jpg]
[172.105.124.130/mobile/sport/im-esports.html]
[nx-cdn.trgwl.com/Images/nexus-beta/dark-gold/mobile/providers/banners/sports/pinnacle-esports2780.jpg]
[172.105.124.130/mobile/sport/pinnacle-esports.html]
[nx-cdn.trgwl.com/Images/nexus-beta/dark-gold/mobile/providers/banners/sports/tfgaming2780.jpg]
[172.105.124.130/mobile/sport/tf-gaming.html]
[nx-cdn.trgwl.com/Images/nexus-beta/dark-gold/mobile/providers/banners/sports/sbovirtualgames2780.jpg]
[172.105.124.130/mobile/sport/sbo-virtual-sports.html]
[nx-cdn.trgwl.com/Images/nexus-beta/dark-gold/mobile/providers/banners/sports/ppvirtualgames2780.jpg]
[172.105.124.130/mobile/sport/pragmatic-virtual-sports.html]
[nx-cdn.trgwl.com/Images/nexus-beta/dark-gold/mobile/providers/banners/arcade/ixttangkas2780.jpg]
[172.105.124.130/mobile/arcade/mm-tangkas.html]
[nx-cdn.trgwl.com/Images/nexus-beta/dark-gold/mobile/providers/banners/poker/onepoker2780.jpg]
[172.105.124.130/mobile/poker/9gaming.html]
[172.105.124.130/Content/InfoCenter/nexus-beta-mobile-css95a9.css]
[172.105.124.130/not-found9e54.html]
[172.105.124.130/Content/Promotions/nexus-beta-mobile-css35e6.css]
[172.105.124.130/mobile/promotion/sports.html]
[172.105.124.130/mobile/promotion/slots.html]
[172.105.124.130/mobile/promotion/DUNIASLOT88.html]
[172.105.124.130/mobile/promotion/details/b92c8181-854d-4d0e-a2b2-545b7b38e486.html]
[172.105.124.130/mobile/promotion/details/359fa487-25d0-4a65-97cb-9476fae9a17c.html]
[172.105.124.130/mobile/promotion/details/9c970be5-d9b4-49fe-a0f4-2d1b94a9cae8.html]
[172.105.124.130/Content/ContactUs/nexus-beta-mobile-css94db.css]
[172.105.124.130/Content/Poker/nexus-beta-desktop-css04da.css]
[172.105.124.130/Content/Others/nexus-beta-desktop-css3ae0.css]
[internetpositif.id/assets/css/stylenew.css]
[internetpositif.id/assets/bootstrap-5.2.3-dist/css/bootstrap.min.css]
[172.105.124.130/Content/Sports/nexus-beta-desktop-css3eb2.css]
[172.105.124.130/desktop/promotion/DUNIASLOT88.html]
[172.105.124.130/Content/Account/nexus-beta-forgot-password-css7880.css]
[172.105.124.130/mobile/promotion/DUNIASLOT88.html]
[172.105.124.130/mobile/promotion/details/DUNIASLOT88.html]
